Archive member included to satisfy reference by file (symbol)

c:/st/stm32cubeide_1.3.0/stm32cubeide/plugins/com.st.stm32cube.ide.mcu.externaltools.gnu-tools-for-stm32.7-2018-q2-update.win32_1.0.0.201904181610/tools/bin/../lib/gcc/arm-none-eabi/7.3.1/../../../../arm-none-eabi/lib/thumb/v7e-m/fpv4-sp/hard\libc_nano.a(lib_a-errno.o)
                              Core/Src/syscalls.o (__errno)
c:/st/stm32cubeide_1.3.0/stm32cubeide/plugins/com.st.stm32cube.ide.mcu.externaltools.gnu-tools-for-stm32.7-2018-q2-update.win32_1.0.0.201904181610/tools/bin/../lib/gcc/arm-none-eabi/7.3.1/../../../../arm-none-eabi/lib/thumb/v7e-m/fpv4-sp/hard\libc_nano.a(lib_a-exit.o)
                              c:/st/stm32cubeide_1.3.0/stm32cubeide/plugins/com.st.stm32cube.ide.mcu.externaltools.gnu-tools-for-stm32.7-2018-q2-update.win32_1.0.0.201904181610/tools/bin/../lib/gcc/arm-none-eabi/7.3.1/../../../../arm-none-eabi/lib/thumb/v7e-m/fpv4-sp/hard/crt0.o (exit)
c:/st/stm32cubeide_1.3.0/stm32cubeide/plugins/com.st.stm32cube.ide.mcu.externaltools.gnu-tools-for-stm32.7-2018-q2-update.win32_1.0.0.201904181610/tools/bin/../lib/gcc/arm-none-eabi/7.3.1/../../../../arm-none-eabi/lib/thumb/v7e-m/fpv4-sp/hard\libc_nano.a(lib_a-impure.o)
                              c:/st/stm32cubeide_1.3.0/stm32cubeide/plugins/com.st.stm32cube.ide.mcu.externaltools.gnu-tools-for-stm32.7-2018-q2-update.win32_1.0.0.201904181610/tools/bin/../lib/gcc/arm-none-eabi/7.3.1/../../../../arm-none-eabi/lib/thumb/v7e-m/fpv4-sp/hard\libc_nano.a(lib_a-exit.o) (_global_impure_ptr)
c:/st/stm32cubeide_1.3.0/stm32cubeide/plugins/com.st.stm32cube.ide.mcu.externaltools.gnu-tools-for-stm32.7-2018-q2-update.win32_1.0.0.201904181610/tools/bin/../lib/gcc/arm-none-eabi/7.3.1/../../../../arm-none-eabi/lib/thumb/v7e-m/fpv4-sp/hard\libc_nano.a(lib_a-init.o)
                              c:/st/stm32cubeide_1.3.0/stm32cubeide/plugins/com.st.stm32cube.ide.mcu.externaltools.gnu-tools-for-stm32.7-2018-q2-update.win32_1.0.0.201904181610/tools/bin/../lib/gcc/arm-none-eabi/7.3.1/../../../../arm-none-eabi/lib/thumb/v7e-m/fpv4-sp/hard/crt0.o (__libc_init_array)
c:/st/stm32cubeide_1.3.0/stm32cubeide/plugins/com.st.stm32cube.ide.mcu.externaltools.gnu-tools-for-stm32.7-2018-q2-update.win32_1.0.0.201904181610/tools/bin/../lib/gcc/arm-none-eabi/7.3.1/../../../../arm-none-eabi/lib/thumb/v7e-m/fpv4-sp/hard\libc_nano.a(lib_a-memcpy-stub.o)
                              Middlewares/Third_Party/FreeRTOS/Source/queue.o (memcpy)
c:/st/stm32cubeide_1.3.0/stm32cubeide/plugins/com.st.stm32cube.ide.mcu.externaltools.gnu-tools-for-stm32.7-2018-q2-update.win32_1.0.0.201904181610/tools/bin/../lib/gcc/arm-none-eabi/7.3.1/../../../../arm-none-eabi/lib/thumb/v7e-m/fpv4-sp/hard\libc_nano.a(lib_a-memset.o)
                              c:/st/stm32cubeide_1.3.0/stm32cubeide/plugins/com.st.stm32cube.ide.mcu.externaltools.gnu-tools-for-stm32.7-2018-q2-update.win32_1.0.0.201904181610/tools/bin/../lib/gcc/arm-none-eabi/7.3.1/../../../../arm-none-eabi/lib/thumb/v7e-m/fpv4-sp/hard/crt0.o (memset)

Allocating common symbols
Common symbol       size              file

hUsbDeviceFS        0x2c4             USB_Device/App/usb_device.o
pixels              0x4               Core/Src/main.o
hdma_tim2_ch1       0x60              Core/Src/tim.o
AS504X_TaskHandle   0x4               Core/Src/app_freertos.o
ws2812              0x4               Core/Src/ws2812.o
htim17              0x4c              Core/Src/tim.o
uwTick              0x4               Drivers/STM32G4xx_HAL_Driver/Src/stm32g4xx_hal.o
xQueueRegistry      0x40              Middlewares/Third_Party/FreeRTOS/Source/queue.o
UserRxBufferFS      0x3e8             USB_Device/App/usbd_cdc_if.o
Break_TaskHandle    0x4               Core/Src/app_freertos.o
wOffset             0x1               Core/Src/main.o
UserTxBufferFS      0x3e8             USB_Device/App/usbd_cdc_if.o
numBytes            0x2               Core/Src/main.o
htim1               0x4c              Core/Src/stm32g4xx_hal_timebase_tim.o
gOffset             0x1               Core/Src/main.o
hspi1               0x64              Core/Src/spi.o
htim2               0x4c              Core/Src/tim.o
RainBow_TaskHandle  0x4               Core/Src/app_freertos.o
hdma_spi1_rx        0x60              Core/Src/spi.o
brightness          0x1               Core/Src/main.o
bOffset             0x1               Core/Src/main.o
hdma_tim17_ch1      0x60              Core/Src/tim.o
hpcd_USB_FS         0x274             USB_Device/Target/usbd_conf.o
USBD_StrDesc        0x200             USB_Device/App/usbd_desc.o
hdma_spi1_tx        0x60              Core/Src/spi.o
rOffset             0x1               Core/Src/main.o

Discarded input sections

 .text          0x0000000000000000        0x0 c:/st/stm32cubeide_1.3.0/stm32cubeide/plugins/com.st.stm32cube.ide.mcu.externaltools.gnu-tools-for-stm32.7-2018-q2-update.win32_1.0.0.201904181610/tools/bin/../lib/gcc/arm-none-eabi/7.3.1/thumb/v7e-m/fpv4-sp/hard/crti.o
[...]
Memory Configuration

Name             Origin             Length             Attributes
RAM              0x0000000020000000 0x0000000000008000 xrw
FLASH            0x0000000008000000 0x0000000000020000 xr
*default*        0x0000000000000000 0xffffffffffffffff

Linker script and memory map

LOAD c:/st/stm32cubeide_1.3.0/stm32cubeide/plugins/com.st.stm32cube.ide.mcu.externaltools.gnu-tools-for-stm32.7-2018-q2-update.win32_1.0.0.201904181610/tools/bin/../lib/gcc/arm-none-eabi/7.3.1/thumb/v7e-m/fpv4-sp/hard/crti.o
LOAD c:/st/stm32cubeide_1.3.0/stm32cubeide/plugins/com.st.stm32cube.ide.mcu.externaltools.gnu-tools-for-stm32.7-2018-q2-update.win32_1.0.0.201904181610/tools/bin/../lib/gcc/arm-none-eabi/7.3.1/thumb/v7e-m/fpv4-sp/hard/crtbegin.o
LOAD c:/st/stm32cubeide_1.3.0/stm32cubeide/plugins/com.st.stm32cube.ide.mcu.externaltools.gnu-tools-for-stm32.7-2018-q2-update.win32_1.0.0.201904181610/tools/bin/../lib/gcc/arm-none-eabi/7.3.1/../../../../arm-none-eabi/lib/thumb/v7e-m/fpv4-sp/hard/crt0.o
LOAD Core/Src/app_freertos.o
LOAD Core/Src/dma.o
LOAD Core/Src/gpio.o
LOAD Core/Src/main.o
LOAD Core/Src/spi.o
LOAD Core/Src/stm32g4xx_hal_msp.o
LOAD Core/Src/stm32g4xx_hal_timebase_tim.o
LOAD Core/Src/stm32g4xx_it.o
LOAD Core/Src/syscalls.o
LOAD Core/Src/sysmem.o
LOAD Core/Src/system_stm32g4xx.o
LOAD Core/Src/tim.o
LOAD Core/Src/ws2812.o
LOAD Core/Startup/startup_stm32g431kbtx.o
LOAD Drivers/STM32G4xx_HAL_Driver/Src/stm32g4xx_hal.o
LOAD Drivers/STM32G4xx_HAL_Driver/Src/stm32g4xx_hal_cortex.o
LOAD Drivers/STM32G4xx_HAL_Driver/Src/stm32g4xx_hal_dma.o
LOAD Drivers/STM32G4xx_HAL_Driver/Src/stm32g4xx_hal_dma_ex.o
LOAD Drivers/STM32G4xx_HAL_Driver/Src/stm32g4xx_hal_exti.o
LOAD Drivers/STM32G4xx_HAL_Driver/Src/stm32g4xx_hal_flash.o
LOAD Drivers/STM32G4xx_HAL_Driver/Src/stm32g4xx_hal_flash_ex.o
LOAD Drivers/STM32G4xx_HAL_Driver/Src/stm32g4xx_hal_flash_ramfunc.o
LOAD Drivers/STM32G4xx_HAL_Driver/Src/stm32g4xx_hal_gpio.o
LOAD Drivers/STM32G4xx_HAL_Driver/Src/stm32g4xx_hal_pcd.o
LOAD Drivers/STM32G4xx_HAL_Driver/Src/stm32g4xx_hal_pcd_ex.o
LOAD Drivers/STM32G4xx_HAL_Driver/Src/stm32g4xx_hal_pwr.o
LOAD Drivers/STM32G4xx_HAL_Driver/Src/stm32g4xx_hal_pwr_ex.o
LOAD Drivers/STM32G4xx_HAL_Driver/Src/stm32g4xx_hal_rcc.o
LOAD Drivers/STM32G4xx_HAL_Driver/Src/stm32g4xx_hal_rcc_ex.o
LOAD Drivers/STM32G4xx_HAL_Driver/Src/stm32g4xx_hal_spi.o
LOAD Drivers/STM32G4xx_HAL_Driver/Src/stm32g4xx_hal_spi_ex.o
LOAD Drivers/STM32G4xx_HAL_Driver/Src/stm32g4xx_hal_tim.o
LOAD Drivers/STM32G4xx_HAL_Driver/Src/stm32g4xx_hal_tim_ex.o
LOAD Drivers/STM32G4xx_HAL_Driver/Src/stm32g4xx_ll_pwr.o
LOAD Drivers/STM32G4xx_HAL_Driver/Src/stm32g4xx_ll_usb.o
LOAD Middlewares/ST/STM32_USB_Device_Library/Class/CDC/Src/usbd_cdc.o
LOAD Middlewares/ST/STM32_USB_Device_Library/Core/Src/usbd_core.o
LOAD Middlewares/ST/STM32_USB_Device_Library/Core/Src/usbd_ctlreq.o
LOAD Middlewares/ST/STM32_USB_Device_Library/Core/Src/usbd_ioreq.o
LOAD Middlewares/Third_Party/FreeRTOS/Source/CMSIS_RTOS/cmsis_os.o
LOAD Middlewares/Third_Party/FreeRTOS/Source/croutine.o
LOAD Middlewares/Third_Party/FreeRTOS/Source/event_groups.o
LOAD Middlewares/Third_Party/FreeRTOS/Source/list.o
LOAD Middlewares/Third_Party/FreeRTOS/Source/queue.o
LOAD Middlewares/Third_Party/FreeRTOS/Source/stream_buffer.o
LOAD Middlewares/Third_Party/FreeRTOS/Source/tasks.o
LOAD Middlewares/Third_Party/FreeRTOS/Source/timers.o
LOAD Middlewares/Third_Party/FreeRTOS/Source/portable/GCC/ARM_CM4F/port.o
LOAD Middlewares/Third_Party/FreeRTOS/Source/portable/MemMang/heap_4.o
LOAD USB_Device/App/usb_device.o
LOAD USB_Device/App/usbd_cdc_if.o
LOAD USB_Device/App/usbd_desc.o
LOAD USB_Device/Target/usbd_conf.o
START GROUP
LOAD c:/st/stm32cubeide_1.3.0/stm32cubeide/plugins/com.st.stm32cube.ide.mcu.externaltools.gnu-tools-for-stm32.7-2018-q2-update.win32_1.0.0.201904181610/tools/bin/../lib/gcc/arm-none-eabi/7.3.1/../../../../arm-none-eabi/lib/thumb/v7e-m/fpv4-sp/hard\libstdc++_nano.a
LOAD c:/st/stm32cubeide_1.3.0/stm32cubeide/plugins/com.st.stm32cube.ide.mcu.externaltools.gnu-tools-for-stm32.7-2018-q2-update.win32_1.0.0.201904181610/tools/bin/../lib/gcc/arm-none-eabi/7.3.1/../../../../arm-none-eabi/lib/thumb/v7e-m/fpv4-sp/hard\libsupc++_nano.a
END GROUP
LOAD c:/st/stm32cubeide_1.3.0/stm32cubeide/plugins/com.st.stm32cube.ide.mcu.externaltools.gnu-tools-for-stm32.7-2018-q2-update.win32_1.0.0.201904181610/tools/bin/../lib/gcc/arm-none-eabi/7.3.1/../../../../arm-none-eabi/lib/thumb/v7e-m/fpv4-sp/hard\libstdc++_nano.a
LOAD c:/st/stm32cubeide_1.3.0/stm32cubeide/plugins/com.st.stm32cube.ide.mcu.externaltools.gnu-tools-for-stm32.7-2018-q2-update.win32_1.0.0.201904181610/tools/bin/../lib/gcc/arm-none-eabi/7.3.1/../../../../arm-none-eabi/lib/thumb/v7e-m/fpv4-sp/hard\libm.a
LOAD c:/st/stm32cubeide_1.3.0/stm32cubeide/plugins/com.st.stm32cube.ide.mcu.externaltools.gnu-tools-for-stm32.7-2018-q2-update.win32_1.0.0.201904181610/tools/bin/../lib/gcc/arm-none-eabi/7.3.1/../../../../arm-none-eabi/lib/thumb/v7e-m/fpv4-sp/hard\libc_nano.a
START GROUP
LOAD c:/st/stm32cubeide_1.3.0/stm32cubeide/plugins/com.st.stm32cube.ide.mcu.externaltools.gnu-tools-for-stm32.7-2018-q2-update.win32_1.0.0.201904181610/tools/bin/../lib/gcc/arm-none-eabi/7.3.1/thumb/v7e-m/fpv4-sp/hard\libgcc.a
LOAD c:/st/stm32cubeide_1.3.0/stm32cubeide/plugins/com.st.stm32cube.ide.mcu.externaltools.gnu-tools-for-stm32.7-2018-q2-update.win32_1.0.0.201904181610/tools/bin/../lib/gcc/arm-none-eabi/7.3.1/../../../../arm-none-eabi/lib/thumb/v7e-m/fpv4-sp/hard\libc_nano.a
END GROUP
START GROUP
LOAD c:/st/stm32cubeide_1.3.0/stm32cubeide/plugins/com.st.stm32cube.ide.mcu.externaltools.gnu-tools-for-stm32.7-2018-q2-update.win32_1.0.0.201904181610/tools/bin/../lib/gcc/arm-none-eabi/7.3.1/thumb/v7e-m/fpv4-sp/hard\libgcc.a
LOAD c:/st/stm32cubeide_1.3.0/stm32cubeide/plugins/com.st.stm32cube.ide.mcu.externaltools.gnu-tools-for-stm32.7-2018-q2-update.win32_1.0.0.201904181610/tools/bin/../lib/gcc/arm-none-eabi/7.3.1/../../../../arm-none-eabi/lib/thumb/v7e-m/fpv4-sp/hard\libc_nano.a
LOAD c:/st/stm32cubeide_1.3.0/stm32cubeide/plugins/com.st.stm32cube.ide.mcu.externaltools.gnu-tools-for-stm32.7-2018-q2-update.win32_1.0.0.201904181610/tools/bin/../lib/gcc/arm-none-eabi/7.3.1/../../../../arm-none-eabi/lib/thumb/v7e-m/fpv4-sp/hard\libnosys.a
END GROUP
START GROUP
LOAD c:/st/stm32cubeide_1.3.0/stm32cubeide/plugins/com.st.stm32cube.ide.mcu.externaltools.gnu-tools-for-stm32.7-2018-q2-update.win32_1.0.0.201904181610/tools/bin/../lib/gcc/arm-none-eabi/7.3.1/thumb/v7e-m/fpv4-sp/hard\libgcc.a
LOAD c:/st/stm32cubeide_1.3.0/stm32cubeide/plugins/com.st.stm32cube.ide.mcu.externaltools.gnu-tools-for-stm32.7-2018-q2-update.win32_1.0.0.201904181610/tools/bin/../lib/gcc/arm-none-eabi/7.3.1/../../../../arm-none-eabi/lib/thumb/v7e-m/fpv4-sp/hard\libc_nano.a
LOAD c:/st/stm32cubeide_1.3.0/stm32cubeide/plugins/com.st.stm32cube.ide.mcu.externaltools.gnu-tools-for-stm32.7-2018-q2-update.win32_1.0.0.201904181610/tools/bin/../lib/gcc/arm-none-eabi/7.3.1/../../../../arm-none-eabi/lib/thumb/v7e-m/fpv4-sp/hard\libnosys.a
END GROUP
LOAD c:/st/stm32cubeide_1.3.0/stm32cubeide/plugins/com.st.stm32cube.ide.mcu.externaltools.gnu-tools-for-stm32.7-2018-q2-update.win32_1.0.0.201904181610/tools/bin/../lib/gcc/arm-none-eabi/7.3.1/thumb/v7e-m/fpv4-sp/hard/crtend.o
LOAD c:/st/stm32cubeide_1.3.0/stm32cubeide/plugins/com.st.stm32cube.ide.mcu.externaltools.gnu-tools-for-stm32.7-2018-q2-update.win32_1.0.0.201904181610/tools/bin/../lib/gcc/arm-none-eabi/7.3.1/thumb/v7e-m/fpv4-sp/hard/crtn.o
                0x0000000020008000                _estack = (ORIGIN (RAM) + LENGTH (RAM))
                0x0000000000000200                _Min_Heap_Size = 0x200
                0x0000000000000400                _Min_Stack_Size = 0x400

.isr_vector     0x0000000008000000      0x1d8
                0x0000000008000000                . = ALIGN (0x4)
 *(.isr_vector)
 .isr_vector    0x0000000008000000      0x1d8 Core/Startup/startup_stm32g431kbtx.o
                0x0000000008000000                g_pfnVectors
                0x00000000080001d8                . = ALIGN (0x4)

.text           0x00000000080001e0     0xab08
                0x00000000080001e0                . = ALIGN (0x4)
 *(.text)
 .text          0x00000000080001e0       0x40 c:/st/stm32cubeide_1.3.0/stm32cubeide/plugins/com.st.stm32cube.ide.mcu.externaltools.gnu-tools-for-stm32.7-2018-q2-update.win32_1.0.0.201904181610/tools/bin/../lib/gcc/arm-none-eabi/7.3.1/thumb/v7e-m/fpv4-sp/hard/crtbegin.o
 *(.text*)
 .text.MX_FREERTOS_Init
                0x0000000008000220       0x88 Core/Src/app_freertos.o
                0x0000000008000220                MX_FREERTOS_Init
 .text.StartBreak_Task
                0x00000000080002a8       0x10 Core/Src/app_freertos.o
                0x00000000080002a8                StartBreak_Task
 .text.StartRainBow_Task
                0x00000000080002b8       0x10 Core/Src/app_freertos.o
                0x00000000080002b8                StartRainBow_Task
 .text.StartAS504X_Task
                0x00000000080002c8       0x10 Core/Src/app_freertos.o
                0x00000000080002c8                StartAS504X_Task
 .text.MX_DMA_Init
                0x00000000080002d8       0x84 Core/Src/dma.o
                0x00000000080002d8                MX_DMA_Init
 .text.MX_GPIO_Init
                0x000000000800035c      0x108 Core/Src/gpio.o
                0x000000000800035c                MX_GPIO_Init
 .text.main     0x0000000008000464       0x3a Core/Src/main.o
                0x0000000008000464                main
 .text.SystemClock_Config
                0x000000000800049e       0xca Core/Src/main.o
                0x000000000800049e                SystemClock_Config
 .text.HAL_TIM_PeriodElapsedCallback
                0x0000000008000568       0x24 Core/Src/main.o
                0x0000000008000568                HAL_TIM_PeriodElapsedCallback
 .text.Error_Handler
                0x000000000800058c        0xe Core/Src/main.o
                0x000000000800058c                Error_Handler
 .text.assert_failed
                0x000000000800059a       0x16 Core/Src/main.o
                0x000000000800059a                assert_failed
 .text.MX_SPI1_Init
                0x00000000080005b0       0x7c Core/Src/spi.o
                0x00000000080005b0                MX_SPI1_Init
 .text.HAL_SPI_MspInit
                0x000000000800062c      0x180 Core/Src/spi.o
                0x000000000800062c                HAL_SPI_MspInit
 .text.LL_PWR_DisableUCPDDeadBattery
                0x00000000080007ac       0x20 Core/Src/stm32g4xx_hal_msp.o
 .text.HAL_MspInit
                0x00000000080007cc       0x54 Core/Src/stm32g4xx_hal_msp.o
                0x00000000080007cc                HAL_MspInit
 .text.HAL_InitTick
                0x0000000008000820       0xac Core/Src/stm32g4xx_hal_timebase_tim.o
                0x0000000008000820                HAL_InitTick
 .text.NMI_Handler
                0x00000000080008cc        0xe Core/Src/stm32g4xx_it.o
                0x00000000080008cc                NMI_Handler
 .text.HardFault_Handler
                0x00000000080008da        0x6 Core/Src/stm32g4xx_it.o
                0x00000000080008da                HardFault_Handler
 .text.MemManage_Handler
                0x00000000080008e0        0x6 Core/Src/stm32g4xx_it.o
                0x00000000080008e0                MemManage_Handler
 .text.BusFault_Handler
                0x00000000080008e6        0x6 Core/Src/stm32g4xx_it.o
                0x00000000080008e6                BusFault_Handler
 .text.UsageFault_Handler
                0x00000000080008ec        0x6 Core/Src/stm32g4xx_it.o
                0x00000000080008ec                UsageFault_Handler
 .text.DebugMon_Handler
                0x00000000080008f2        0xe Core/Src/stm32g4xx_it.o
                0x00000000080008f2                DebugMon_Handler
 .text.DMA1_Channel1_IRQHandler
                0x0000000008000900       0x14 Core/Src/stm32g4xx_it.o
                0x0000000008000900                DMA1_Channel1_IRQHandler
 .text.DMA1_Channel2_IRQHandler
                0x0000000008000914       0x14 Core/Src/stm32g4xx_it.o
                0x0000000008000914                DMA1_Channel2_IRQHandler
 .text.DMA1_Channel3_IRQHandler
                0x0000000008000928       0x14 Core/Src/stm32g4xx_it.o
                0x0000000008000928                DMA1_Channel3_IRQHandler
 .text.DMA1_Channel4_IRQHandler
                0x000000000800093c       0x14 Core/Src/stm32g4xx_it.o
                0x000000000800093c                DMA1_Channel4_IRQHandler
 .text.USB_LP_IRQHandler
                0x0000000008000950       0x14 Core/Src/stm32g4xx_it.o
                0x0000000008000950                USB_LP_IRQHandler
 .text.TIM1_UP_TIM16_IRQHandler
                0x0000000008000964       0x14 Core/Src/stm32g4xx_it.o
                0x0000000008000964                TIM1_UP_TIM16_IRQHandler
 .text.SystemInit
                0x0000000008000978       0x2c Core/Src/system_stm32g4xx.o
                0x0000000008000978                SystemInit
 .text.MX_TIM2_Init
                0x00000000080009a4       0xb0 Core/Src/tim.o
                0x00000000080009a4                MX_TIM2_Init
 .text.MX_TIM17_Init
                0x0000000008000a54       0xf0 Core/Src/tim.o
                0x0000000008000a54                MX_TIM17_Init
 .text.HAL_TIM_PWM_MspInit
                0x0000000008000b44       0x94 Core/Src/tim.o
                0x0000000008000b44                HAL_TIM_PWM_MspInit
 .text.HAL_TIM_Base_MspInit
                0x0000000008000bd8       0x98 Core/Src/tim.o
                0x0000000008000bd8                HAL_TIM_Base_MspInit
 .text.HAL_TIM_MspPostInit
                0x0000000008000c70       0xb4 Core/Src/tim.o
                0x0000000008000c70                HAL_TIM_MspPostInit
 .text.ws2812Init
                0x0000000008000d24       0x2c Core/Src/ws2812.o
                0x0000000008000d24                ws2812Init
 .text.ws2812Begin
                0x0000000008000d50       0x70 Core/Src/ws2812.o
                0x0000000008000d50                ws2812Begin
 .text.Reset_Handler
                0x0000000008000dc0       0x50 Core/Startup/startup_stm32g431kbtx.o
                0x0000000008000dc0                Reset_Handler
 .text.Default_Handler
                0x0000000008000e10        0x2 Core/Startup/startup_stm32g431kbtx.o
                0x0000000008000e10                RTC_Alarm_IRQHandler
                0x0000000008000e10                EXTI2_IRQHandler
                0x0000000008000e10                TIM8_TRG_COM_IRQHandler
                0x0000000008000e10                TIM8_CC_IRQHandler
                0x0000000008000e10                TIM1_CC_IRQHandler
                0x0000000008000e10                USB_HP_IRQHandler
                0x0000000008000e10                CORDIC_IRQHandler
                0x0000000008000e10                EXTI3_IRQHandler
                0x0000000008000e10                I2C3_ER_IRQHandler
                0x0000000008000e10                EXTI0_IRQHandler
                0x0000000008000e10                I2C2_EV_IRQHandler
                0x0000000008000e10                FPU_IRQHandler
                0x0000000008000e10                FDCAN1_IT1_IRQHandler
                0x0000000008000e10                ADC1_2_IRQHandler
                0x0000000008000e10                SPI1_IRQHandler
                0x0000000008000e10                TIM6_DAC_IRQHandler
                0x0000000008000e10                TIM8_UP_IRQHandler
                0x0000000008000e10                DMA2_Channel2_IRQHandler
                0x0000000008000e10                USART3_IRQHandler
                0x0000000008000e10                TIM4_IRQHandler
                0x0000000008000e10                DMA2_Channel1_IRQHandler
                0x0000000008000e10                I2C1_EV_IRQHandler
                0x0000000008000e10                DMA1_Channel6_IRQHandler
                0x0000000008000e10                UART4_IRQHandler
                0x0000000008000e10                DMA2_Channel4_IRQHandler
                0x0000000008000e10                TIM3_IRQHandler
                0x0000000008000e10                RCC_IRQHandler
                0x0000000008000e10                Default_Handler
                0x0000000008000e10                RTC_TAMP_LSECSS_IRQHandler
                0x0000000008000e10                FMAC_IRQHandler
                0x0000000008000e10                EXTI15_10_IRQHandler
                0x0000000008000e10                TIM7_IRQHandler
                0x0000000008000e10                UCPD1_IRQHandler
                0x0000000008000e10                I2C3_EV_IRQHandler
                0x0000000008000e10                EXTI9_5_IRQHandler
                0x0000000008000e10                RTC_WKUP_IRQHandler
                0x0000000008000e10                PVD_PVM_IRQHandler
                0x0000000008000e10                SPI2_IRQHandler
                0x0000000008000e10                DMA2_Channel5_IRQHandler
                0x0000000008000e10                CRS_IRQHandler
                0x0000000008000e10                DMA1_Channel5_IRQHandler
                0x0000000008000e10                EXTI4_IRQHandler
                0x0000000008000e10                RNG_IRQHandler
                0x0000000008000e10                TIM1_TRG_COM_TIM17_IRQHandler
                0x0000000008000e10                WWDG_IRQHandler
                0x0000000008000e10                LPUART1_IRQHandler
                0x0000000008000e10                DMA2_Channel6_IRQHandler
                0x0000000008000e10                FDCAN1_IT0_IRQHandler
                0x0000000008000e10                TIM2_IRQHandler
                0x0000000008000e10                COMP1_2_3_IRQHandler
                0x0000000008000e10                EXTI1_IRQHandler
                0x0000000008000e10                USART2_IRQHandler
                0x0000000008000e10                I2C2_ER_IRQHandler
                0x0000000008000e10                TIM8_BRK_IRQHandler
                0x0000000008000e10                FLASH_IRQHandler
                0x0000000008000e10                USART1_IRQHandler
                0x0000000008000e10                SPI3_IRQHandler
                0x0000000008000e10                I2C1_ER_IRQHandler
                0x0000000008000e10                LPTIM1_IRQHandler
                0x0000000008000e10                DMAMUX_OVR_IRQHandler
                0x0000000008000e10                USBWakeUp_IRQHandler
                0x0000000008000e10                SAI1_IRQHandler
                0x0000000008000e10                DMA2_Channel3_IRQHandler
                0x0000000008000e10                COMP4_IRQHandler
                0x0000000008000e10                TIM1_BRK_TIM15_IRQHandler
 .text.HAL_Init
                0x0000000008000e12       0x30 Drivers/STM32G4xx_HAL_Driver/Src/stm32g4xx_hal.o
                0x0000000008000e12                HAL_Init
 *fill*         0x0000000008000e42        0x2 
 .text.HAL_IncTick
                0x0000000008000e44       0x24 Drivers/STM32G4xx_HAL_Driver/Src/stm32g4xx_hal.o
                0x0000000008000e44                HAL_IncTick
 .text.HAL_GetTick
                0x0000000008000e68       0x18 Drivers/STM32G4xx_HAL_Driver/Src/stm32g4xx_hal.o
                0x0000000008000e68                HAL_GetTick
 .text.__NVIC_SetPriorityGrouping
                0x0000000008000e80       0x48 Drivers/STM32G4xx_HAL_Driver/Src/stm32g4xx_hal_cortex.o
 .text.__NVIC_GetPriorityGrouping
                0x0000000008000ec8       0x1c Drivers/STM32G4xx_HAL_Driver/Src/stm32g4xx_hal_cortex.o
 .text.__NVIC_EnableIRQ
                0x0000000008000ee4       0x3c Drivers/STM32G4xx_HAL_Driver/Src/stm32g4xx_hal_cortex.o
 .text.__NVIC_SetPriority
                0x0000000008000f20       0x54 Drivers/STM32G4xx_HAL_Driver/Src/stm32g4xx_hal_cortex.o
 .text.NVIC_EncodePriority
                0x0000000008000f74       0x66 Drivers/STM32G4xx_HAL_Driver/Src/stm32g4xx_hal_cortex.o
 *fill*         0x0000000008000fda        0x2 
 .text.HAL_NVIC_SetPriorityGrouping
                0x0000000008000fdc       0x40 Drivers/STM32G4xx_HAL_Driver/Src/stm32g4xx_hal_cortex.o
                0x0000000008000fdc                HAL_NVIC_SetPriorityGrouping
 .text.HAL_NVIC_SetPriority
                0x000000000800101c       0x54 Drivers/STM32G4xx_HAL_Driver/Src/stm32g4xx_hal_cortex.o
                0x000000000800101c                HAL_NVIC_SetPriority
 .text.HAL_NVIC_EnableIRQ
                0x0000000008001070       0x30 Drivers/STM32G4xx_HAL_Driver/Src/stm32g4xx_hal_cortex.o
                0x0000000008001070                HAL_NVIC_EnableIRQ
 .text.HAL_DMA_Init
                0x00000000080010a0      0x2f4 Drivers/STM32G4xx_HAL_Driver/Src/stm32g4xx_hal_dma.o
                0x00000000080010a0                HAL_DMA_Init
 .text.HAL_DMA_Start_IT
                0x0000000008001394      0x114 Drivers/STM32G4xx_HAL_Driver/Src/stm32g4xx_hal_dma.o
                0x0000000008001394                HAL_DMA_Start_IT
 .text.HAL_DMA_IRQHandler
                0x00000000080014a8      0x15e Drivers/STM32G4xx_HAL_Driver/Src/stm32g4xx_hal_dma.o
                0x00000000080014a8                HAL_DMA_IRQHandler
 .text.DMA_SetConfig
                0x0000000008001606       0x7c Drivers/STM32G4xx_HAL_Driver/Src/stm32g4xx_hal_dma.o
 *fill*         0x0000000008001682        0x2 
 .text.DMA_CalcDMAMUXChannelBaseAndMask
                0x0000000008001684       0x7c Drivers/STM32G4xx_HAL_Driver/Src/stm32g4xx_hal_dma.o
 .text.DMA_CalcDMAMUXRequestGenBaseAndMask
                0x0000000008001700       0x48 Drivers/STM32G4xx_HAL_Driver/Src/stm32g4xx_hal_dma.o
 .text.HAL_GPIO_Init
                0x0000000008001748      0x4b0 Drivers/STM32G4xx_HAL_Driver/Src/stm32g4xx_hal_gpio.o
                0x0000000008001748                HAL_GPIO_Init
 .text.HAL_GPIO_WritePin
                0x0000000008001bf8       0x60 Drivers/STM32G4xx_HAL_Driver/Src/stm32g4xx_hal_gpio.o
                0x0000000008001bf8                HAL_GPIO_WritePin
 .text.HAL_PCD_Init
                0x0000000008001c58      0x190 Drivers/STM32G4xx_HAL_Driver/Src/stm32g4xx_hal_pcd.o
                0x0000000008001c58                HAL_PCD_Init
 .text.HAL_PCD_Start
                0x0000000008001de8       0x44 Drivers/STM32G4xx_HAL_Driver/Src/stm32g4xx_hal_pcd.o
                0x0000000008001de8                HAL_PCD_Start
 .text.HAL_PCD_IRQHandler
                0x0000000008001e2c      0x29c Drivers/STM32G4xx_HAL_Driver/Src/stm32g4xx_hal_pcd.o
                0x0000000008001e2c                HAL_PCD_IRQHandler
 .text.HAL_PCD_SetAddress
                0x00000000080020c8       0x4a Drivers/STM32G4xx_HAL_Driver/Src/stm32g4xx_hal_pcd.o
                0x00000000080020c8                HAL_PCD_SetAddress
 .text.HAL_PCD_EP_Open
                0x0000000008002112       0xc0 Drivers/STM32G4xx_HAL_Driver/Src/stm32g4xx_hal_pcd.o
                0x0000000008002112                HAL_PCD_EP_Open
 .text.HAL_PCD_EP_Close
                0x00000000080021d2       0x84 Drivers/STM32G4xx_HAL_Driver/Src/stm32g4xx_hal_pcd.o
                0x00000000080021d2                HAL_PCD_EP_Close
 .text.HAL_PCD_EP_Receive
                0x0000000008002256       0x74 Drivers/STM32G4xx_HAL_Driver/Src/stm32g4xx_hal_pcd.o
                0x0000000008002256                HAL_PCD_EP_Receive
 .text.HAL_PCD_EP_GetRxCount
                0x00000000080022ca       0x2a Drivers/STM32G4xx_HAL_Driver/Src/stm32g4xx_hal_pcd.o
                0x00000000080022ca                HAL_PCD_EP_GetRxCount
 .text.HAL_PCD_EP_Transmit
                0x00000000080022f4       0x72 Drivers/STM32G4xx_HAL_Driver/Src/stm32g4xx_hal_pcd.o
                0x00000000080022f4                HAL_PCD_EP_Transmit
 .text.HAL_PCD_EP_SetStall
                0x0000000008002366       0xb4 Drivers/STM32G4xx_HAL_Driver/Src/stm32g4xx_hal_pcd.o
                0x0000000008002366                HAL_PCD_EP_SetStall
 .text.HAL_PCD_EP_ClrStall
                0x000000000800241a       0x9c Drivers/STM32G4xx_HAL_Driver/Src/stm32g4xx_hal_pcd.o
                0x000000000800241a                HAL_PCD_EP_ClrStall
 *fill*         0x00000000080024b6        0x2 
 .text.PCD_EP_ISR_Handler
                0x00000000080024b8      0x518 Drivers/STM32G4xx_HAL_Driver/Src/stm32g4xx_hal_pcd.o
 .text.HAL_PCDEx_PMAConfig
                0x00000000080029d0       0x7a Drivers/STM32G4xx_HAL_Driver/Src/stm32g4xx_hal_pcd_ex.o
                0x00000000080029d0                HAL_PCDEx_PMAConfig
 .text.HAL_PCDEx_ActivateLPM
                0x0000000008002a4a       0x54 Drivers/STM32G4xx_HAL_Driver/Src/stm32g4xx_hal_pcd_ex.o
                0x0000000008002a4a                HAL_PCDEx_ActivateLPM
 *fill*         0x0000000008002a9e        0x2 
 .text.HAL_PWREx_ControlVoltageScaling
                0x0000000008002aa0      0x168 Drivers/STM32G4xx_HAL_Driver/Src/stm32g4xx_hal_pwr_ex.o
                0x0000000008002aa0                HAL_PWREx_ControlVoltageScaling
 .text.HAL_RCC_OscConfig
                0x0000000008002c08      0x824 Drivers/STM32G4xx_HAL_Driver/Src/stm32g4xx_hal_rcc.o
                0x0000000008002c08                HAL_RCC_OscConfig
 .text.HAL_RCC_ClockConfig
                0x000000000800342c      0x400 Drivers/STM32G4xx_HAL_Driver/Src/stm32g4xx_hal_rcc.o
                0x000000000800342c                HAL_RCC_ClockConfig
 .text.HAL_RCC_GetSysClockFreq
                0x000000000800382c       0xc0 Drivers/STM32G4xx_HAL_Driver/Src/stm32g4xx_hal_rcc.o
                0x000000000800382c                HAL_RCC_GetSysClockFreq
 .text.HAL_RCC_GetHCLKFreq
                0x00000000080038ec       0x18 Drivers/STM32G4xx_HAL_Driver/Src/stm32g4xx_hal_rcc.o
                0x00000000080038ec                HAL_RCC_GetHCLKFreq
 .text.HAL_RCC_GetPCLK2Freq
                0x0000000008003904       0x2c Drivers/STM32G4xx_HAL_Driver/Src/stm32g4xx_hal_rcc.o
                0x0000000008003904                HAL_RCC_GetPCLK2Freq
 .text.HAL_RCC_GetClockConfig
                0x0000000008003930       0x84 Drivers/STM32G4xx_HAL_Driver/Src/stm32g4xx_hal_rcc.o
                0x0000000008003930                HAL_RCC_GetClockConfig
 .text.RCC_GetSysClockFreqFromPLLSource
                0x00000000080039b4       0x88 Drivers/STM32G4xx_HAL_Driver/Src/stm32g4xx_hal_rcc.o
 .text.HAL_RCCEx_PeriphCLKConfig
                0x0000000008003a3c      0x740 Drivers/STM32G4xx_HAL_Driver/Src/stm32g4xx_hal_rcc_ex.o
                0x0000000008003a3c                HAL_RCCEx_PeriphCLKConfig
 .text.HAL_SPI_Init
                0x000000000800417c      0x324 Drivers/STM32G4xx_HAL_Driver/Src/stm32g4xx_hal_spi.o
                0x000000000800417c                HAL_SPI_Init
 .text.HAL_TIM_Base_Init
                0x00000000080044a0      0x1b8 Drivers/STM32G4xx_HAL_Driver/Src/stm32g4xx_hal_tim.o
                0x00000000080044a0                HAL_TIM_Base_Init
 .text.HAL_TIM_Base_Start_IT
                0x0000000008004658      0x100 Drivers/STM32G4xx_HAL_Driver/Src/stm32g4xx_hal_tim.o
                0x0000000008004658                HAL_TIM_Base_Start_IT
 .text.HAL_TIM_PWM_Init
                0x0000000008004758      0x1b8 Drivers/STM32G4xx_HAL_Driver/Src/stm32g4xx_hal_tim.o
                0x0000000008004758                HAL_TIM_PWM_Init
 .text.HAL_TIM_PWM_Start_DMA
                0x0000000008004910      0x4e8 Drivers/STM32G4xx_HAL_Driver/Src/stm32g4xx_hal_tim.o
                0x0000000008004910                HAL_TIM_PWM_Start_DMA
 .text.HAL_TIM_IRQHandler
                0x0000000008004df8      0x2fe Drivers/STM32G4xx_HAL_Driver/Src/stm32g4xx_hal_tim.o
                0x0000000008004df8                HAL_TIM_IRQHandler
 *fill*         0x00000000080050f6        0x2 
 .text.HAL_TIM_PWM_ConfigChannel
                0x00000000080050f8      0x464 Drivers/STM32G4xx_HAL_Driver/Src/stm32g4xx_hal_tim.o
                0x00000000080050f8                HAL_TIM_PWM_ConfigChannel
 .text.HAL_TIM_OC_DelayElapsedCallback
                0x000000000800555c       0x14 Drivers/STM32G4xx_HAL_Driver/Src/stm32g4xx_hal_tim.o
                0x000000000800555c                HAL_TIM_OC_DelayElapsedCallback
 .text.HAL_TIM_IC_CaptureCallback
                0x0000000008005570       0x14 Drivers/STM32G4xx_HAL_Driver/Src/stm32g4xx_hal_tim.o
                0x0000000008005570                HAL_TIM_IC_CaptureCallback
 .text.HAL_TIM_PWM_PulseFinishedCallback
                0x0000000008005584       0x14 Drivers/STM32G4xx_HAL_Driver/Src/stm32g4xx_hal_tim.o
                0x0000000008005584                HAL_TIM_PWM_PulseFinishedCallback
 .text.HAL_TIM_PWM_PulseFinishedHalfCpltCallback
                0x0000000008005598       0x14 Drivers/STM32G4xx_HAL_Driver/Src/stm32g4xx_hal_tim.o
                0x0000000008005598                HAL_TIM_PWM_PulseFinishedHalfCpltCallback
 .text.HAL_TIM_TriggerCallback
                0x00000000080055ac       0x14 Drivers/STM32G4xx_HAL_Driver/Src/stm32g4xx_hal_tim.o
                0x00000000080055ac                HAL_TIM_TriggerCallback
 .text.HAL_TIM_ErrorCallback
                0x00000000080055c0       0x14 Drivers/STM32G4xx_HAL_Driver/Src/stm32g4xx_hal_tim.o
                0x00000000080055c0                HAL_TIM_ErrorCallback
 .text.TIM_DMAError
                0x00000000080055d4       0x92 Drivers/STM32G4xx_HAL_Driver/Src/stm32g4xx_hal_tim.o
                0x00000000080055d4                TIM_DMAError
 .text.TIM_DMADelayPulseCplt
                0x0000000008005666       0xa8 Drivers/STM32G4xx_HAL_Driver/Src/stm32g4xx_hal_tim.o
 .text.TIM_DMADelayPulseHalfCplt
                0x000000000800570e       0x68 Drivers/STM32G4xx_HAL_Driver/Src/stm32g4xx_hal_tim.o
                0x000000000800570e                TIM_DMADelayPulseHalfCplt
 *fill*         0x0000000008005776        0x2 
 .text.TIM_Base_SetConfig
                0x0000000008005778      0x120 Drivers/STM32G4xx_HAL_Driver/Src/stm32g4xx_hal_tim.o
                0x0000000008005778                TIM_Base_SetConfig
 .text.TIM_OC1_SetConfig
                0x0000000008005898      0x174 Drivers/STM32G4xx_HAL_Driver/Src/stm32g4xx_hal_tim.o
 .text.TIM_OC2_SetConfig
                0x0000000008005a0c      0x164 Drivers/STM32G4xx_HAL_Driver/Src/stm32g4xx_hal_tim.o
                0x0000000008005a0c                TIM_OC2_SetConfig
 .text.TIM_OC3_SetConfig
                0x0000000008005b70      0x164 Drivers/STM32G4xx_HAL_Driver/Src/stm32g4xx_hal_tim.o
 .text.TIM_OC4_SetConfig
                0x0000000008005cd4      0x164 Drivers/STM32G4xx_HAL_Driver/Src/stm32g4xx_hal_tim.o
 .text.TIM_OC5_SetConfig
                0x0000000008005e38       0xc8 Drivers/STM32G4xx_HAL_Driver/Src/stm32g4xx_hal_tim.o
 .text.TIM_OC6_SetConfig
                0x0000000008005f00       0xcc Drivers/STM32G4xx_HAL_Driver/Src/stm32g4xx_hal_tim.o
 .text.TIM_CCxChannelCmd
                0x0000000008005fcc       0xe4 Drivers/STM32G4xx_HAL_Driver/Src/stm32g4xx_hal_tim.o
                0x0000000008005fcc                TIM_CCxChannelCmd
 .text.HAL_TIMEx_MasterConfigSynchronization
                0x00000000080060b0      0x288 Drivers/STM32G4xx_HAL_Driver/Src/stm32g4xx_hal_tim_ex.o
                0x00000000080060b0                HAL_TIMEx_MasterConfigSynchronization
 .text.HAL_TIMEx_ConfigBreakDeadTime
                0x0000000008006338      0x2f8 Drivers/STM32G4xx_HAL_Driver/Src/stm32g4xx_hal_tim_ex.o
                0x0000000008006338                HAL_TIMEx_ConfigBreakDeadTime
 .text.HAL_TIMEx_CommutCallback
                0x0000000008006630       0x14 Drivers/STM32G4xx_HAL_Driver/Src/stm32g4xx_hal_tim_ex.o
                0x0000000008006630                HAL_TIMEx_CommutCallback
 .text.HAL_TIMEx_BreakCallback
                0x0000000008006644       0x14 Drivers/STM32G4xx_HAL_Driver/Src/stm32g4xx_hal_tim_ex.o
                0x0000000008006644                HAL_TIMEx_BreakCallback
 .text.HAL_TIMEx_Break2Callback
                0x0000000008006658       0x14 Drivers/STM32G4xx_HAL_Driver/Src/stm32g4xx_hal_tim_ex.o
                0x0000000008006658                HAL_TIMEx_Break2Callback
 .text.HAL_TIMEx_EncoderIndexCallback
                0x000000000800666c       0x14 Drivers/STM32G4xx_HAL_Driver/Src/stm32g4xx_hal_tim_ex.o
                0x000000000800666c                HAL_TIMEx_EncoderIndexCallback
 .text.HAL_TIMEx_DirectionChangeCallback
                0x0000000008006680       0x14 Drivers/STM32G4xx_HAL_Driver/Src/stm32g4xx_hal_tim_ex.o
                0x0000000008006680                HAL_TIMEx_DirectionChangeCallback
 .text.HAL_TIMEx_IndexErrorCallback
                0x0000000008006694       0x14 Drivers/STM32G4xx_HAL_Driver/Src/stm32g4xx_hal_tim_ex.o
                0x0000000008006694                HAL_TIMEx_IndexErrorCallback
 .text.HAL_TIMEx_TransitionErrorCallback
                0x00000000080066a8       0x14 Drivers/STM32G4xx_HAL_Driver/Src/stm32g4xx_hal_tim_ex.o
                0x00000000080066a8                HAL_TIMEx_TransitionErrorCallback
 .text.USB_EnableGlobalInt
                0x00000000080066bc       0x32 Drivers/STM32G4xx_HAL_Driver/Src/stm32g4xx_ll_usb.o
                0x00000000080066bc                USB_EnableGlobalInt
 .text.USB_DisableGlobalInt
                0x00000000080066ee       0x36 Drivers/STM32G4xx_HAL_Driver/Src/stm32g4xx_ll_usb.o
                0x00000000080066ee                USB_DisableGlobalInt
 .text.USB_DevInit
                0x0000000008006724       0x48 Drivers/STM32G4xx_HAL_Driver/Src/stm32g4xx_ll_usb.o
                0x0000000008006724                USB_DevInit
 .text.USB_ActivateEndpoint
                0x000000000800676c      0x5e0 Drivers/STM32G4xx_HAL_Driver/Src/stm32g4xx_ll_usb.o
                0x000000000800676c                USB_ActivateEndpoint
 .text.USB_DeactivateEndpoint
                0x0000000008006d4c      0x32c Drivers/STM32G4xx_HAL_Driver/Src/stm32g4xx_ll_usb.o
                0x0000000008006d4c                USB_DeactivateEndpoint
 .text.USB_EPStartXfer
                0x0000000008007078      0x570 Drivers/STM32G4xx_HAL_Driver/Src/stm32g4xx_ll_usb.o
                0x0000000008007078                USB_EPStartXfer
 .text.USB_EPSetStall
                0x00000000080075e8       0x84 Drivers/STM32G4xx_HAL_Driver/Src/stm32g4xx_ll_usb.o
                0x00000000080075e8                USB_EPSetStall
 .text.USB_EPClearStall
                0x000000000800766c      0x128 Drivers/STM32G4xx_HAL_Driver/Src/stm32g4xx_ll_usb.o
                0x000000000800766c                USB_EPClearStall
 .text.USB_SetDevAddress
                0x0000000008007794       0x28 Drivers/STM32G4xx_HAL_Driver/Src/stm32g4xx_ll_usb.o
                0x0000000008007794                USB_SetDevAddress
 .text.USB_DevConnect
                0x00000000080077bc       0x2e Drivers/STM32G4xx_HAL_Driver/Src/stm32g4xx_ll_usb.o
                0x00000000080077bc                USB_DevConnect
 .text.USB_ReadInterrupts
                0x00000000080077ea       0x20 Drivers/STM32G4xx_HAL_Driver/Src/stm32g4xx_ll_usb.o
                0x00000000080077ea                USB_ReadInterrupts
 .text.USB_EP0_OutStart
                0x000000000800780a       0x18 Drivers/STM32G4xx_HAL_Driver/Src/stm32g4xx_ll_usb.o
                0x000000000800780a                USB_EP0_OutStart
 .text.USB_WritePMA
                0x0000000008007822       0x82 Drivers/STM32G4xx_HAL_Driver/Src/stm32g4xx_ll_usb.o
                0x0000000008007822                USB_WritePMA
 .text.USB_ReadPMA
                0x00000000080078a4       0x98 Drivers/STM32G4xx_HAL_Driver/Src/stm32g4xx_ll_usb.o
                0x00000000080078a4                USB_ReadPMA
 .text.USBD_CDC_Init
                0x000000000800793c       0xf4 Middlewares/ST/STM32_USB_Device_Library/Class/CDC/Src/usbd_cdc.o
 .text.USBD_CDC_DeInit
                0x0000000008007a30       0x6e Middlewares/ST/STM32_USB_Device_Library/Class/CDC/Src/usbd_cdc.o
 .text.USBD_CDC_Setup
                0x0000000008007a9e      0x140 Middlewares/ST/STM32_USB_Device_Library/Class/CDC/Src/usbd_cdc.o
 .text.USBD_CDC_DataIn
                0x0000000008007bde       0xa0 Middlewares/ST/STM32_USB_Device_Library/Class/CDC/Src/usbd_cdc.o
 .text.USBD_CDC_DataOut
                0x0000000008007c7e       0x56 Middlewares/ST/STM32_USB_Device_Library/Class/CDC/Src/usbd_cdc.o
 .text.USBD_CDC_EP0_RxReady
                0x0000000008007cd4       0x50 Middlewares/ST/STM32_USB_Device_Library/Class/CDC/Src/usbd_cdc.o
 .text.USBD_CDC_GetFSCfgDesc
                0x0000000008007d24       0x20 Middlewares/ST/STM32_USB_Device_Library/Class/CDC/Src/usbd_cdc.o
 .text.USBD_CDC_GetHSCfgDesc
                0x0000000008007d44       0x20 Middlewares/ST/STM32_USB_Device_Library/Class/CDC/Src/usbd_cdc.o
 .text.USBD_CDC_GetOtherSpeedCfgDesc
                0x0000000008007d64       0x20 Middlewares/ST/STM32_USB_Device_Library/Class/CDC/Src/usbd_cdc.o
 .text.USBD_CDC_GetDeviceQualifierDescriptor
                0x0000000008007d84       0x20 Middlewares/ST/STM32_USB_Device_Library/Class/CDC/Src/usbd_cdc.o
                0x0000000008007d84                USBD_CDC_GetDeviceQualifierDescriptor
 .text.USBD_CDC_RegisterInterface
                0x0000000008007da4       0x2e Middlewares/ST/STM32_USB_Device_Library/Class/CDC/Src/usbd_cdc.o
                0x0000000008007da4                USBD_CDC_RegisterInterface
 .text.USBD_CDC_SetTxBuffer
                0x0000000008007dd2       0x34 Middlewares/ST/STM32_USB_Device_Library/Class/CDC/Src/usbd_cdc.o
                0x0000000008007dd2                USBD_CDC_SetTxBuffer
 .text.USBD_CDC_SetRxBuffer
                0x0000000008007e06       0x28 Middlewares/ST/STM32_USB_Device_Library/Class/CDC/Src/usbd_cdc.o
                0x0000000008007e06                USBD_CDC_SetRxBuffer
 .text.USBD_CDC_ReceivePacket
                0x0000000008007e2e       0x54 Middlewares/ST/STM32_USB_Device_Library/Class/CDC/Src/usbd_cdc.o
                0x0000000008007e2e                USBD_CDC_ReceivePacket
 .text.USBD_Init
                0x0000000008007e82       0x56 Middlewares/ST/STM32_USB_Device_Library/Core/Src/usbd_core.o
                0x0000000008007e82                USBD_Init
 .text.USBD_RegisterClass
                0x0000000008007ed8       0x34 Middlewares/ST/STM32_USB_Device_Library/Core/Src/usbd_core.o
                0x0000000008007ed8                USBD_RegisterClass
 .text.USBD_Start
                0x0000000008007f0c       0x18 Middlewares/ST/STM32_USB_Device_Library/Core/Src/usbd_core.o
                0x0000000008007f0c                USBD_Start
 .text.USBD_RunTestMode
                0x0000000008007f24       0x16 Middlewares/ST/STM32_USB_Device_Library/Core/Src/usbd_core.o
                0x0000000008007f24                USBD_RunTestMode
 .text.USBD_SetClassConfig
                0x0000000008007f3a       0x3e Middlewares/ST/STM32_USB_Device_Library/Core/Src/usbd_core.o
                0x0000000008007f3a                USBD_SetClassConfig
 .text.USBD_ClrClassConfig
                0x0000000008007f78       0x26 Middlewares/ST/STM32_USB_Device_Library/Core/Src/usbd_core.o
                0x0000000008007f78                USBD_ClrClassConfig
 .text.USBD_LL_SetupStage
                0x0000000008007f9e       0x96 Middlewares/ST/STM32_USB_Device_Library/Core/Src/usbd_core.o
                0x0000000008007f9e                USBD_LL_SetupStage
 .text.USBD_LL_DataOutStage
                0x0000000008008034       0xe2 Middlewares/ST/STM32_USB_Device_Library/Core/Src/usbd_core.o
                0x0000000008008034                USBD_LL_DataOutStage
 .text.USBD_LL_DataInStage
                0x0000000008008116      0x14a Middlewares/ST/STM32_USB_Device_Library/Core/Src/usbd_core.o
                0x0000000008008116                USBD_LL_DataInStage
 .text.USBD_LL_Reset
                0x0000000008008260       0x82 Middlewares/ST/STM32_USB_Device_Library/Core/Src/usbd_core.o
                0x0000000008008260                USBD_LL_Reset
 .text.USBD_LL_SetSpeed
                0x00000000080082e2       0x20 Middlewares/ST/STM32_USB_Device_Library/Core/Src/usbd_core.o
                0x00000000080082e2                USBD_LL_SetSpeed
 .text.USBD_LL_Suspend
                0x0000000008008302       0x2a Middlewares/ST/STM32_USB_Device_Library/Core/Src/usbd_core.o
                0x0000000008008302                USBD_LL_Suspend
 .text.USBD_LL_Resume
                0x000000000800832c       0x2c Middlewares/ST/STM32_USB_Device_Library/Core/Src/usbd_core.o
                0x000000000800832c                USBD_LL_Resume
 .text.USBD_LL_SOF
                0x0000000008008358       0x34 Middlewares/ST/STM32_USB_Device_Library/Core/Src/usbd_core.o
                0x0000000008008358                USBD_LL_SOF
 .text.USBD_StdDevReq
                0x000000000800838c       0xd4 Middlewares/ST/STM32_USB_Device_Library/Core/Src/usbd_ctlreq.o
                0x000000000800838c                USBD_StdDevReq
 .text.USBD_StdItfReq
                0x0000000008008460       0x8c Middlewares/ST/STM32_USB_Device_Library/Core/Src/usbd_ctlreq.o
                0x0000000008008460                USBD_StdItfReq
 .text.USBD_StdEPReq
                0x00000000080084ec      0x2ba Middlewares/ST/STM32_USB_Device_Library/Core/Src/usbd_ctlreq.o
                0x00000000080084ec                USBD_StdEPReq
 *fill*         0x00000000080087a6        0x2 
 .text.USBD_GetDescriptor
                0x00000000080087a8      0x324 Middlewares/ST/STM32_USB_Device_Library/Core/Src/usbd_ctlreq.o
 .text.USBD_SetAddress
                0x0000000008008acc       0x84 Middlewares/ST/STM32_USB_Device_Library/Core/Src/usbd_ctlreq.o
 .text.USBD_SetConfig
                0x0000000008008b50      0x11c Middlewares/ST/STM32_USB_Device_Library/Core/Src/usbd_ctlreq.o
 .text.USBD_GetConfig
                0x0000000008008c6c       0x68 Middlewares/ST/STM32_USB_Device_Library/Core/Src/usbd_ctlreq.o
 .text.USBD_GetStatus
                0x0000000008008cd4       0x66 Middlewares/ST/STM32_USB_Device_Library/Core/Src/usbd_ctlreq.o
 .text.USBD_SetFeature
                0x0000000008008d3a       0x28 Middlewares/ST/STM32_USB_Device_Library/Core/Src/usbd_ctlreq.o
 .text.USBD_ClrFeature
                0x0000000008008d62       0x42 Middlewares/ST/STM32_USB_Device_Library/Core/Src/usbd_ctlreq.o
 .text.USBD_ParseSetupRequest
                0x0000000008008da4       0x7a Middlewares/ST/STM32_USB_Device_Library/Core/Src/usbd_ctlreq.o
                0x0000000008008da4                USBD_ParseSetupRequest
 .text.USBD_CtlError
                0x0000000008008e1e       0x22 Middlewares/ST/STM32_USB_Device_Library/Core/Src/usbd_ctlreq.o
                0x0000000008008e1e                USBD_CtlError
 .text.USBD_GetString
                0x0000000008008e40       0x84 Middlewares/ST/STM32_USB_Device_Library/Core/Src/usbd_ctlreq.o
                0x0000000008008e40                USBD_GetString
 .text.USBD_GetLen
                0x0000000008008ec4       0x30 Middlewares/ST/STM32_USB_Device_Library/Core/Src/usbd_ctlreq.o
 .text.USBD_CtlSendData
                0x0000000008008ef4       0x38 Middlewares/ST/STM32_USB_Device_Library/Core/Src/usbd_ioreq.o
                0x0000000008008ef4                USBD_CtlSendData
 .text.USBD_CtlContinueSendData
                0x0000000008008f2c       0x24 Middlewares/ST/STM32_USB_Device_Library/Core/Src/usbd_ioreq.o
                0x0000000008008f2c                USBD_CtlContinueSendData
 .text.USBD_CtlPrepareRx
                0x0000000008008f50       0x3c Middlewares/ST/STM32_USB_Device_Library/Core/Src/usbd_ioreq.o
                0x0000000008008f50                USBD_CtlPrepareRx
 .text.USBD_CtlContinueRx
                0x0000000008008f8c       0x24 Middlewares/ST/STM32_USB_Device_Library/Core/Src/usbd_ioreq.o
                0x0000000008008f8c                USBD_CtlContinueRx
 .text.USBD_CtlSendStatus
                0x0000000008008fb0       0x26 Middlewares/ST/STM32_USB_Device_Library/Core/Src/usbd_ioreq.o
                0x0000000008008fb0                USBD_CtlSendStatus
 .text.USBD_CtlReceiveStatus
                0x0000000008008fd6       0x26 Middlewares/ST/STM32_USB_Device_Library/Core/Src/usbd_ioreq.o
                0x0000000008008fd6                USBD_CtlReceiveStatus
 .text.makeFreeRtosPriority
                0x0000000008008ffc       0x30 Middlewares/Third_Party/FreeRTOS/Source/CMSIS_RTOS/cmsis_os.o
 .text.osKernelStart
                0x000000000800902c        0xe Middlewares/Third_Party/FreeRTOS/Source/CMSIS_RTOS/cmsis_os.o
                0x000000000800902c                osKernelStart
 .text.osThreadCreate
                0x000000000800903a       0x4e Middlewares/Third_Party/FreeRTOS/Source/CMSIS_RTOS/cmsis_os.o
                0x000000000800903a                osThreadCreate
 .text.osDelay  0x0000000008009088       0x28 Middlewares/Third_Party/FreeRTOS/Source/CMSIS_RTOS/cmsis_os.o
                0x0000000008009088                osDelay
 .text.vListInitialise
                0x00000000080090b0       0x40 Middlewares/Third_Party/FreeRTOS/Source/list.o
                0x00000000080090b0                vListInitialise
 .text.vListInitialiseItem
                0x00000000080090f0       0x1a Middlewares/Third_Party/FreeRTOS/Source/list.o
                0x00000000080090f0                vListInitialiseItem
 .text.vListInsertEnd
                0x000000000800910a       0x48 Middlewares/Third_Party/FreeRTOS/Source/list.o
                0x000000000800910a                vListInsertEnd
 .text.vListInsert
                0x0000000008009152       0x72 Middlewares/Third_Party/FreeRTOS/Source/list.o
                0x0000000008009152                vListInsert
 .text.uxListRemove
                0x00000000080091c4       0x54 Middlewares/Third_Party/FreeRTOS/Source/list.o
                0x00000000080091c4                uxListRemove
 .text.xTaskCreate
                0x0000000008009218       0x82 Middlewares/Third_Party/FreeRTOS/Source/tasks.o
                0x0000000008009218                xTaskCreate
 .text.prvInitialiseNewTask
                0x000000000800929a      0x10c Middlewares/Third_Party/FreeRTOS/Source/tasks.o
 *fill*         0x00000000080093a6        0x2 
 .text.prvAddNewTaskToReadyList
                0x00000000080093a8       0xd4 Middlewares/Third_Party/FreeRTOS/Source/tasks.o
 .text.vTaskDelay
                0x000000000800947c       0x68 Middlewares/Third_Party/FreeRTOS/Source/tasks.o
                0x000000000800947c                vTaskDelay
 .text.vTaskStartScheduler
                0x00000000080094e4       0x8c Middlewares/Third_Party/FreeRTOS/Source/tasks.o
                0x00000000080094e4                vTaskStartScheduler
 .text.vTaskSuspendAll
                0x0000000008009570       0x1c Middlewares/Third_Party/FreeRTOS/Source/tasks.o
                0x0000000008009570                vTaskSuspendAll
 .text.xTaskResumeAll
                0x000000000800958c      0x138 Middlewares/Third_Party/FreeRTOS/Source/tasks.o
                0x000000000800958c                xTaskResumeAll
 .text.xTaskIncrementTick
                0x00000000080096c4      0x170 Middlewares/Third_Party/FreeRTOS/Source/tasks.o
                0x00000000080096c4                xTaskIncrementTick
 .text.vTaskSwitchContext
                0x0000000008009834       0xb4 Middlewares/Third_Party/FreeRTOS/Source/tasks.o
                0x0000000008009834                vTaskSwitchContext
 .text.prvIdleTask
                0x00000000080098e8       0x30 Middlewares/Third_Party/FreeRTOS/Source/tasks.o
 .text.prvInitialiseTaskLists
                0x0000000008009918       0x80 Middlewares/Third_Party/FreeRTOS/Source/tasks.o
 .text.prvCheckTasksWaitingTermination
                0x0000000008009998       0x58 Middlewares/Third_Party/FreeRTOS/Source/tasks.o
 .text.prvDeleteTCB
                0x00000000080099f0       0x20 Middlewares/Third_Party/FreeRTOS/Source/tasks.o
 .text.prvResetNextTaskUnblockTime
                0x0000000008009a10       0x40 Middlewares/Third_Party/FreeRTOS/Source/tasks.o
 .text.prvAddCurrentTaskToDelayedList
                0x0000000008009a50       0xcc Middlewares/Third_Party/FreeRTOS/Source/tasks.o
 .text.pxPortInitialiseStack
                0x0000000008009b1c       0x68 Middlewares/Third_Party/FreeRTOS/Source/portable/GCC/ARM_CM4F/port.o
                0x0000000008009b1c                pxPortInitialiseStack
 .text.prvTaskExitError
                0x0000000008009b84       0x54 Middlewares/Third_Party/FreeRTOS/Source/portable/GCC/ARM_CM4F/port.o
 *fill*         0x0000000008009bd8        0x8 
 .text.SVC_Handler
                0x0000000008009be0       0x28 Middlewares/Third_Party/FreeRTOS/Source/portable/GCC/ARM_CM4F/port.o
                0x0000000008009be0                SVC_Handler
 .text.prvPortStartFirstTask
                0x0000000008009c08       0x28 Middlewares/Third_Party/FreeRTOS/Source/portable/GCC/ARM_CM4F/port.o
 .text.xPortStartScheduler
                0x0000000008009c30      0x13c Middlewares/Third_Party/FreeRTOS/Source/portable/GCC/ARM_CM4F/port.o
                0x0000000008009c30                xPortStartScheduler
 .text.vPortEnterCritical
                0x0000000008009d6c       0x5c Middlewares/Third_Party/FreeRTOS/Source/portable/GCC/ARM_CM4F/port.o
                0x0000000008009d6c                vPortEnterCritical
 .text.vPortExitCritical
                0x0000000008009dc8       0x50 Middlewares/Third_Party/FreeRTOS/Source/portable/GCC/ARM_CM4F/port.o
                0x0000000008009dc8                vPortExitCritical
 *fill*         0x0000000008009e18        0x8 
 .text.PendSV_Handler
                0x0000000008009e20       0x68 Middlewares/Third_Party/FreeRTOS/Source/portable/GCC/ARM_CM4F/port.o
                0x0000000008009e20                PendSV_Handler
 .text.SysTick_Handler
                0x0000000008009e88       0x40 Middlewares/Third_Party/FreeRTOS/Source/portable/GCC/ARM_CM4F/port.o
                0x0000000008009e88                SysTick_Handler
 .text.vPortSetupTimerInterrupt
                0x0000000008009ec8       0x48 Middlewares/Third_Party/FreeRTOS/Source/portable/GCC/ARM_CM4F/port.o
                0x0000000008009ec8                vPortSetupTimerInterrupt
 .text.vPortEnableVFP
                0x0000000008009f10       0x14 Middlewares/Third_Party/FreeRTOS/Source/portable/GCC/ARM_CM4F/port.o
 .text.pvPortMalloc
                0x0000000008009f24      0x184 Middlewares/Third_Party/FreeRTOS/Source/portable/MemMang/heap_4.o
                0x0000000008009f24                pvPortMalloc
 .text.vPortFree
                0x000000000800a0a8       0xb0 Middlewares/Third_Party/FreeRTOS/Source/portable/MemMang/heap_4.o
                0x000000000800a0a8                vPortFree
 .text.prvHeapInit
                0x000000000800a158       0xc4 Middlewares/Third_Party/FreeRTOS/Source/portable/MemMang/heap_4.o
 .text.prvInsertBlockIntoFreeList
                0x000000000800a21c       0xb4 Middlewares/Third_Party/FreeRTOS/Source/portable/MemMang/heap_4.o
 .text.MX_USB_Device_Init
                0x000000000800a2d0       0x60 USB_Device/App/usb_device.o
                0x000000000800a2d0                MX_USB_Device_Init
 .text.CDC_Init_FS
                0x000000000800a330       0x28 USB_Device/App/usbd_cdc_if.o
 .text.CDC_DeInit_FS
                0x000000000800a358       0x10 USB_Device/App/usbd_cdc_if.o
 .text.CDC_Control_FS
                0x000000000800a368       0xbc USB_Device/App/usbd_cdc_if.o
 .text.CDC_Receive_FS
                0x000000000800a424       0x28 USB_Device/App/usbd_cdc_if.o
 .text.USBD_CDC_DeviceDescriptor
                0x000000000800a44c       0x24 USB_Device/App/usbd_desc.o
                0x000000000800a44c                USBD_CDC_DeviceDescriptor
 .text.USBD_CDC_LangIDStrDescriptor
                0x000000000800a470       0x24 USB_Device/App/usbd_desc.o
                0x000000000800a470                USBD_CDC_LangIDStrDescriptor
 .text.USBD_CDC_ProductStrDescriptor
                0x000000000800a494       0x3c USB_Device/App/usbd_desc.o
                0x000000000800a494                USBD_CDC_ProductStrDescriptor
 .text.USBD_CDC_ManufacturerStrDescriptor
                0x000000000800a4d0       0x28 USB_Device/App/usbd_desc.o
                0x000000000800a4d0                USBD_CDC_ManufacturerStrDescriptor
 .text.USBD_CDC_SerialStrDescriptor
                0x000000000800a4f8       0x24 USB_Device/App/usbd_desc.o
                0x000000000800a4f8                USBD_CDC_SerialStrDescriptor
 .text.USBD_CDC_ConfigStrDescriptor
                0x000000000800a51c       0x3c USB_Device/App/usbd_desc.o
                0x000000000800a51c                USBD_CDC_ConfigStrDescriptor
 .text.USBD_CDC_InterfaceStrDescriptor
                0x000000000800a558       0x3c USB_Device/App/usbd_desc.o
                0x000000000800a558                USBD_CDC_InterfaceStrDescriptor
 .text.Get_SerialNum
                0x000000000800a594       0x58 USB_Device/App/usbd_desc.o
 .text.IntToUnicode
                0x000000000800a5ec       0x7c USB_Device/App/usbd_desc.o
 .text.HAL_PCD_MspInit
                0x000000000800a668       0x90 USB_Device/Target/usbd_conf.o
                0x000000000800a668                HAL_PCD_MspInit
 .text.HAL_PCD_SetupStageCallback
                0x000000000800a6f8       0x24 USB_Device/Target/usbd_conf.o
                0x000000000800a6f8                HAL_PCD_SetupStageCallback
 .text.HAL_PCD_DataOutStageCallback
                0x000000000800a71c       0x30 USB_Device/Target/usbd_conf.o
                0x000000000800a71c                HAL_PCD_DataOutStageCallback
 .text.HAL_PCD_DataInStageCallback
                0x000000000800a74c       0x2e USB_Device/Target/usbd_conf.o
                0x000000000800a74c                HAL_PCD_DataInStageCallback
 .text.HAL_PCD_SOFCallback
                0x000000000800a77a       0x1c USB_Device/Target/usbd_conf.o
                0x000000000800a77a                HAL_PCD_SOFCallback
 .text.HAL_PCD_ResetCallback
                0x000000000800a796       0x3c USB_Device/Target/usbd_conf.o
                0x000000000800a796                HAL_PCD_ResetCallback
 *fill*         0x000000000800a7d2        0x2 
 .text.HAL_PCD_SuspendCallback
                0x000000000800a7d4       0x34 USB_Device/Target/usbd_conf.o
                0x000000000800a7d4                HAL_PCD_SuspendCallback
 .text.HAL_PCD_ResumeCallback
                0x000000000800a808       0x38 USB_Device/Target/usbd_conf.o
                0x000000000800a808                HAL_PCD_ResumeCallback
 .text.USBD_LL_Init
                0x000000000800a840       0xc0 USB_Device/Target/usbd_conf.o
                0x000000000800a840                USBD_LL_Init
 .text.USBD_LL_Start
                0x000000000800a900       0x36 USB_Device/Target/usbd_conf.o
                0x000000000800a900                USBD_LL_Start
 .text.USBD_LL_OpenEP
                0x000000000800a936       0x4c USB_Device/Target/usbd_conf.o
                0x000000000800a936                USBD_LL_OpenEP
 .text.USBD_LL_CloseEP
                0x000000000800a982       0x3e USB_Device/Target/usbd_conf.o
                0x000000000800a982                USBD_LL_CloseEP
 .text.USBD_LL_StallEP
                0x000000000800a9c0       0x3e USB_Device/Target/usbd_conf.o
                0x000000000800a9c0                USBD_LL_StallEP
 .text.USBD_LL_ClearStallEP
                0x000000000800a9fe       0x3e USB_Device/Target/usbd_conf.o
                0x000000000800a9fe                USBD_LL_ClearStallEP
 .text.USBD_LL_IsStallEP
                0x000000000800aa3c       0x4c USB_Device/Target/usbd_conf.o
                0x000000000800aa3c                USBD_LL_IsStallEP
 .text.USBD_LL_SetUSBAddress
                0x000000000800aa88       0x3e USB_Device/Target/usbd_conf.o
                0x000000000800aa88                USBD_LL_SetUSBAddress
 .text.USBD_LL_Transmit
                0x000000000800aac6       0x46 USB_Device/Target/usbd_conf.o
                0x000000000800aac6                USBD_LL_Transmit
 .text.USBD_LL_PrepareReceive
                0x000000000800ab0c       0x46 USB_Device/Target/usbd_conf.o
                0x000000000800ab0c                USBD_LL_PrepareReceive
 .text.USBD_LL_GetRxDataSize
                0x000000000800ab52       0x26 USB_Device/Target/usbd_conf.o
                0x000000000800ab52                USBD_LL_GetRxDataSize
 .text.HAL_PCDEx_LPM_Callback
                0x000000000800ab78       0x6c USB_Device/Target/usbd_conf.o
                0x000000000800ab78                HAL_PCDEx_LPM_Callback
 .text.USBD_static_malloc
                0x000000000800abe4       0x1c USB_Device/Target/usbd_conf.o
                0x000000000800abe4                USBD_static_malloc
 .text.USBD_static_free
                0x000000000800ac00       0x14 USB_Device/Target/usbd_conf.o
                0x000000000800ac00                USBD_static_free
 .text.SystemClockConfig_Resume
                0x000000000800ac14        0xc USB_Device/Target/usbd_conf.o
 .text.USBD_Get_USB_Status
                0x000000000800ac20       0x58 USB_Device/Target/usbd_conf.o
 .text.__libc_init_array
                0x000000000800ac78       0x48 c:/st/stm32cubeide_1.3.0/stm32cubeide/plugins/com.st.stm32cube.ide.mcu.externaltools.gnu-tools-for-stm32.7-2018-q2-update.win32_1.0.0.201904181610/tools/bin/../lib/gcc/arm-none-eabi/7.3.1/../../../../arm-none-eabi/lib/thumb/v7e-m/fpv4-sp/hard\libc_nano.a(lib_a-init.o)
                0x000000000800ac78                __libc_init_array
 .text.memset   0x000000000800acc0       0x10 c:/st/stm32cubeide_1.3.0/stm32cubeide/plugins/com.st.stm32cube.ide.mcu.externaltools.gnu-tools-for-stm32.7-2018-q2-update.win32_1.0.0.201904181610/tools/bin/../lib/gcc/arm-none-eabi/7.3.1/../../../../arm-none-eabi/lib/thumb/v7e-m/fpv4-sp/hard\libc_nano.a(lib_a-memset.o)
                0x000000000800acc0                memset
 *(.glue_7)
 .glue_7        0x000000000800acd0        0x0 linker stubs
 *(.glue_7t)
 .glue_7t       0x000000000800acd0        0x0 linker stubs
 *(.eh_frame)
 .eh_frame      0x000000000800acd0        0x0 c:/st/stm32cubeide_1.3.0/stm32cubeide/plugins/com.st.stm32cube.ide.mcu.externaltools.gnu-tools-for-stm32.7-2018-q2-update.win32_1.0.0.201904181610/tools/bin/../lib/gcc/arm-none-eabi/7.3.1/thumb/v7e-m/fpv4-sp/hard/crtbegin.o
 *(.init)
 .init          0x000000000800acd0        0x4 c:/st/stm32cubeide_1.3.0/stm32cubeide/plugins/com.st.stm32cube.ide.mcu.externaltools.gnu-tools-for-stm32.7-2018-q2-update.win32_1.0.0.201904181610/tools/bin/../lib/gcc/arm-none-eabi/7.3.1/thumb/v7e-m/fpv4-sp/hard/crti.o
                0x000000000800acd0                _init
 .init          0x000000000800acd4        0x8 c:/st/stm32cubeide_1.3.0/stm32cubeide/plugins/com.st.stm32cube.ide.mcu.externaltools.gnu-tools-for-stm32.7-2018-q2-update.win32_1.0.0.201904181610/tools/bin/../lib/gcc/arm-none-eabi/7.3.1/thumb/v7e-m/fpv4-sp/hard/crtn.o
 *(.fini)
 .fini          0x000000000800acdc        0x4 c:/st/stm32cubeide_1.3.0/stm32cubeide/plugins/com.st.stm32cube.ide.mcu.externaltools.gnu-tools-for-stm32.7-2018-q2-update.win32_1.0.0.201904181610/tools/bin/../lib/gcc/arm-none-eabi/7.3.1/thumb/v7e-m/fpv4-sp/hard/crti.o
                0x000000000800acdc                _fini
 .fini          0x000000000800ace0        0x8 c:/st/stm32cubeide_1.3.0/stm32cubeide/plugins/com.st.stm32cube.ide.mcu.externaltools.gnu-tools-for-stm32.7-2018-q2-update.win32_1.0.0.201904181610/tools/bin/../lib/gcc/arm-none-eabi/7.3.1/thumb/v7e-m/fpv4-sp/hard/crtn.o
                0x000000000800ace8                . = ALIGN (0x4)
                0x000000000800ace8                _etext = .

.vfp11_veneer   0x000000000800ace8        0x0
 .vfp11_veneer  0x000000000800ace8        0x0 linker stubs

.v4_bx          0x000000000800ace8        0x0
 .v4_bx         0x000000000800ace8        0x0 linker stubs

.iplt           0x000000000800ace8        0x0
 .iplt          0x000000000800ace8        0x0 c:/st/stm32cubeide_1.3.0/stm32cubeide/plugins/com.st.stm32cube.ide.mcu.externaltools.gnu-tools-for-stm32.7-2018-q2-update.win32_1.0.0.201904181610/tools/bin/../lib/gcc/arm-none-eabi/7.3.1/thumb/v7e-m/fpv4-sp/hard/crtbegin.o

.rodata         0x000000000800ace8      0x310
                0x000000000800ace8                . = ALIGN (0x4)
 *(.rodata)
 .rodata        0x000000000800ace8       0x64 Core/Src/app_freertos.o
 .rodata        0x000000000800ad4c       0x3b Drivers/STM32G4xx_HAL_Driver/Src/stm32g4xx_hal_cortex.o
 *fill*         0x000000000800ad87        0x1 
 .rodata        0x000000000800ad88       0x38 Drivers/STM32G4xx_HAL_Driver/Src/stm32g4xx_hal_dma.o
 .rodata        0x000000000800adc0       0x39 Drivers/STM32G4xx_HAL_Driver/Src/stm32g4xx_hal_gpio.o
 *fill*         0x000000000800adf9        0x3 
 .rodata        0x000000000800adfc       0x38 Drivers/STM32G4xx_HAL_Driver/Src/stm32g4xx_hal_pcd.o
 .rodata        0x000000000800ae34       0x3b Drivers/STM32G4xx_HAL_Driver/Src/stm32g4xx_hal_pwr_ex.o
 *fill*         0x000000000800ae6f        0x1 
 .rodata        0x000000000800ae70       0x38 Drivers/STM32G4xx_HAL_Driver/Src/stm32g4xx_hal_rcc.o
 .rodata        0x000000000800aea8       0x3b Drivers/STM32G4xx_HAL_Driver/Src/stm32g4xx_hal_rcc_ex.o
 *fill*         0x000000000800aee3        0x1 
 .rodata        0x000000000800aee4       0x38 Drivers/STM32G4xx_HAL_Driver/Src/stm32g4xx_hal_spi.o
 .rodata        0x000000000800af1c       0x38 Drivers/STM32G4xx_HAL_Driver/Src/stm32g4xx_hal_tim.o
 .rodata        0x000000000800af54       0x3b Drivers/STM32G4xx_HAL_Driver/Src/stm32g4xx_hal_tim_ex.o
 *fill*         0x000000000800af8f        0x1 
 .rodata        0x000000000800af90        0x5 Middlewares/Third_Party/FreeRTOS/Source/tasks.o
 *fill*         0x000000000800af95        0x3 
 .rodata        0x000000000800af98       0x46 USB_Device/App/usbd_desc.o
 *(.rodata*)
 *fill*         0x000000000800afde        0x2 
 .rodata.AHBPrescTable
                0x000000000800afe0       0x10 Core/Src/system_stm32g4xx.o
                0x000000000800afe0                AHBPrescTable
 .rodata.APBPrescTable
                0x000000000800aff0        0x8 Core/Src/system_stm32g4xx.o
                0x000000000800aff0                APBPrescTable
                0x000000000800aff8                . = ALIGN (0x4)

.rel.dyn        0x000000000800aff8        0x0
 .rel.iplt      0x000000000800aff8        0x0 c:/st/stm32cubeide_1.3.0/stm32cubeide/plugins/com.st.stm32cube.ide.mcu.externaltools.gnu-tools-for-stm32.7-2018-q2-update.win32_1.0.0.201904181610/tools/bin/../lib/gcc/arm-none-eabi/7.3.1/thumb/v7e-m/fpv4-sp/hard/crtbegin.o

.ARM.extab      0x000000000800aff8        0x0
                0x000000000800aff8                . = ALIGN (0x4)
 *(.ARM.extab* .gnu.linkonce.armextab.*)
                0x000000000800aff8                . = ALIGN (0x4)

.ARM            0x000000000800aff8        0x0
                0x000000000800aff8                . = ALIGN (0x4)
                0x000000000800aff8                __exidx_start = .
 *(.ARM.exidx*)
                0x000000000800aff8                __exidx_end = .
                0x000000000800aff8                . = ALIGN (0x4)

.preinit_array  0x000000000800aff8        0x0
                0x000000000800aff8                . = ALIGN (0x4)
                0x000000000800aff8                PROVIDE (__preinit_array_start = .)
 *(.preinit_array*)
                0x000000000800aff8                PROVIDE (__preinit_array_end = .)
                0x000000000800aff8                . = ALIGN (0x4)

.init_array     0x000000000800aff8        0x4
                0x000000000800aff8                . = ALIGN (0x4)
                0x000000000800aff8                PROVIDE (__init_array_start = .)
 *(SORT_BY_NAME(.init_array.*))
 *(.init_array*)
 .init_array    0x000000000800aff8        0x4 c:/st/stm32cubeide_1.3.0/stm32cubeide/plugins/com.st.stm32cube.ide.mcu.externaltools.gnu-tools-for-stm32.7-2018-q2-update.win32_1.0.0.201904181610/tools/bin/../lib/gcc/arm-none-eabi/7.3.1/thumb/v7e-m/fpv4-sp/hard/crtbegin.o
                0x000000000800affc                PROVIDE (__init_array_end = .)
                0x000000000800affc                . = ALIGN (0x4)

.fini_array     0x000000000800affc        0x4
                0x000000000800affc                . = ALIGN (0x4)
                [!provide]                        PROVIDE (__fini_array_start = .)
 *(SORT_BY_NAME(.fini_array.*))
 *(.fini_array*)
 .fini_array    0x000000000800affc        0x4 c:/st/stm32cubeide_1.3.0/stm32cubeide/plugins/com.st.stm32cube.ide.mcu.externaltools.gnu-tools-for-stm32.7-2018-q2-update.win32_1.0.0.201904181610/tools/bin/../lib/gcc/arm-none-eabi/7.3.1/thumb/v7e-m/fpv4-sp/hard/crtbegin.o
                [!provide]                        PROVIDE (__fini_array_end = .)
                0x000000000800b000                . = ALIGN (0x4)
                0x000000000800b000                _sidata = LOADADDR (.data)

.data           0x0000000020000000      0x184 load address 0x000000000800b000
                0x0000000020000000                . = ALIGN (0x4)
                0x0000000020000000                _sdata = .
 *(.data)
 *(.data*)
 .data.SystemCoreClock
                0x0000000020000000        0x4 Core/Src/system_stm32g4xx.o
                0x0000000020000000                SystemCoreClock
 .data.uwTickPrio
                0x0000000020000004        0x4 Drivers/STM32G4xx_HAL_Driver/Src/stm32g4xx_hal.o
                0x0000000020000004                uwTickPrio
 .data.uwTickFreq
                0x0000000020000008        0x4 Drivers/STM32G4xx_HAL_Driver/Src/stm32g4xx_hal.o
                0x0000000020000008                uwTickFreq
 .data.USBD_CDC_DeviceQualifierDesc
                0x000000002000000c        0xa Middlewares/ST/STM32_USB_Device_Library/Class/CDC/Src/usbd_cdc.o
 *fill*         0x0000000020000016        0x2 
 .data.USBD_CDC
                0x0000000020000018       0x38 Middlewares/ST/STM32_USB_Device_Library/Class/CDC/Src/usbd_cdc.o
                0x0000000020000018                USBD_CDC
 .data.USBD_CDC_CfgHSDesc
                0x0000000020000050       0x43 Middlewares/ST/STM32_USB_Device_Library/Class/CDC/Src/usbd_cdc.o
                0x0000000020000050                USBD_CDC_CfgHSDesc
 *fill*         0x0000000020000093        0x1 
 .data.USBD_CDC_CfgFSDesc
                0x0000000020000094       0x43 Middlewares/ST/STM32_USB_Device_Library/Class/CDC/Src/usbd_cdc.o
                0x0000000020000094                USBD_CDC_CfgFSDesc
 *fill*         0x00000000200000d7        0x1 
 .data.USBD_CDC_OtherSpeedCfgDesc
                0x00000000200000d8       0x43 Middlewares/ST/STM32_USB_Device_Library/Class/CDC/Src/usbd_cdc.o
                0x00000000200000d8                USBD_CDC_OtherSpeedCfgDesc
 *fill*         0x000000002000011b        0x1 
 .data.uxCriticalNesting
                0x000000002000011c        0x4 Middlewares/Third_Party/FreeRTOS/Source/portable/GCC/ARM_CM4F/port.o
 .data.USBD_Interface_fops_FS
                0x0000000020000120       0x10 USB_Device/App/usbd_cdc_if.o
                0x0000000020000120                USBD_Interface_fops_FS
 .data.CDC_Desc
                0x0000000020000130       0x20 USB_Device/App/usbd_desc.o
                0x0000000020000130                CDC_Desc
 .data.USBD_CDC_DeviceDesc
                0x0000000020000150       0x12 USB_Device/App/usbd_desc.o
                0x0000000020000150                USBD_CDC_DeviceDesc
 *fill*         0x0000000020000162        0x2 
 .data.USBD_LangIDDesc
                0x0000000020000164        0x4 USB_Device/App/usbd_desc.o
                0x0000000020000164                USBD_LangIDDesc
 .data.USBD_StringSerial
                0x0000000020000168       0x1a USB_Device/App/usbd_desc.o
                0x0000000020000168                USBD_StringSerial
                0x0000000020000184                . = ALIGN (0x4)
 *fill*         0x0000000020000182        0x2 
                0x0000000020000184                _edata = .

.igot.plt       0x0000000020000184        0x0 load address 0x000000000800b184
 .igot.plt      0x0000000020000184        0x0 c:/st/stm32cubeide_1.3.0/stm32cubeide/plugins/com.st.stm32cube.ide.mcu.externaltools.gnu-tools-for-stm32.7-2018-q2-update.win32_1.0.0.201904181610/tools/bin/../lib/gcc/arm-none-eabi/7.3.1/thumb/v7e-m/fpv4-sp/hard/crtbegin.o
                0x0000000020000184                . = ALIGN (0x4)

.bss            0x0000000020000184     0x33d4 load address 0x000000000800b184
                0x0000000020000184                _sbss = .
                0x0000000020000184                __bss_start__ = _sbss
 *(.bss)
 .bss           0x0000000020000184       0x1c c:/st/stm32cubeide_1.3.0/stm32cubeide/plugins/com.st.stm32cube.ide.mcu.externaltools.gnu-tools-for-stm32.7-2018-q2-update.win32_1.0.0.201904181610/tools/bin/../lib/gcc/arm-none-eabi/7.3.1/thumb/v7e-m/fpv4-sp/hard/crtbegin.o
 *(.bss*)
 .bss.led_buf   0x00000000200001a0      0x632 Core/Src/ws2812.o
 *fill*         0x00000000200007d2        0x2 
 .bss.led_buf_rainbow
                0x00000000200007d4      0xc32 Core/Src/ws2812.o
 .bss.cfgidx.10551
                0x0000000020001406        0x1 Middlewares/ST/STM32_USB_Device_Library/Core/Src/usbd_ctlreq.o
 *fill*         0x0000000020001407        0x1 
 .bss.pxCurrentTCB
                0x0000000020001408        0x4 Middlewares/Third_Party/FreeRTOS/Source/tasks.o
                0x0000000020001408                pxCurrentTCB
 .bss.pxReadyTasksLists
                0x000000002000140c       0x8c Middlewares/Third_Party/FreeRTOS/Source/tasks.o
 .bss.xDelayedTaskList1
                0x0000000020001498       0x14 Middlewares/Third_Party/FreeRTOS/Source/tasks.o
 .bss.xDelayedTaskList2
                0x00000000200014ac       0x14 Middlewares/Third_Party/FreeRTOS/Source/tasks.o
 .bss.pxDelayedTaskList
                0x00000000200014c0        0x4 Middlewares/Third_Party/FreeRTOS/Source/tasks.o
 .bss.pxOverflowDelayedTaskList
                0x00000000200014c4        0x4 Middlewares/Third_Party/FreeRTOS/Source/tasks.o
 .bss.xPendingReadyList
                0x00000000200014c8       0x14 Middlewares/Third_Party/FreeRTOS/Source/tasks.o
 .bss.xTasksWaitingTermination
                0x00000000200014dc       0x14 Middlewares/Third_Party/FreeRTOS/Source/tasks.o
 .bss.uxDeletedTasksWaitingCleanUp
                0x00000000200014f0        0x4 Middlewares/Third_Party/FreeRTOS/Source/tasks.o
 .bss.xSuspendedTaskList
                0x00000000200014f4       0x14 Middlewares/Third_Party/FreeRTOS/Source/tasks.o
 .bss.uxCurrentNumberOfTasks
                0x0000000020001508        0x4 Middlewares/Third_Party/FreeRTOS/Source/tasks.o
 .bss.xTickCount
                0x000000002000150c        0x4 Middlewares/Third_Party/FreeRTOS/Source/tasks.o
 .bss.uxTopReadyPriority
                0x0000000020001510        0x4 Middlewares/Third_Party/FreeRTOS/Source/tasks.o
 .bss.xSchedulerRunning
                0x0000000020001514        0x4 Middlewares/Third_Party/FreeRTOS/Source/tasks.o
 .bss.uxPendedTicks
                0x0000000020001518        0x4 Middlewares/Third_Party/FreeRTOS/Source/tasks.o
 .bss.xYieldPending
                0x000000002000151c        0x4 Middlewares/Third_Party/FreeRTOS/Source/tasks.o
 .bss.xNumOfOverflows
                0x0000000020001520        0x4 Middlewares/Third_Party/FreeRTOS/Source/tasks.o
 .bss.uxTaskNumber
                0x0000000020001524        0x4 Middlewares/Third_Party/FreeRTOS/Source/tasks.o
 .bss.xNextTaskUnblockTime
                0x0000000020001528        0x4 Middlewares/Third_Party/FreeRTOS/Source/tasks.o
 .bss.xIdleTaskHandle
                0x000000002000152c        0x4 Middlewares/Third_Party/FreeRTOS/Source/tasks.o
 .bss.uxSchedulerSuspended
                0x0000000020001530        0x4 Middlewares/Third_Party/FreeRTOS/Source/tasks.o
 .bss.ucMaxSysCallPriority
                0x0000000020001534        0x1 Middlewares/Third_Party/FreeRTOS/Source/portable/GCC/ARM_CM4F/port.o
 *fill*         0x0000000020001535        0x3 
 .bss.ulMaxPRIGROUPValue
                0x0000000020001538        0x4 Middlewares/Third_Party/FreeRTOS/Source/portable/GCC/ARM_CM4F/port.o
 .bss.ucHeap    0x000000002000153c      0xc00 Middlewares/Third_Party/FreeRTOS/Source/portable/MemMang/heap_4.o
 .bss.xStart    0x000000002000213c        0x8 Middlewares/Third_Party/FreeRTOS/Source/portable/MemMang/heap_4.o
 .bss.pxEnd     0x0000000020002144        0x4 Middlewares/Third_Party/FreeRTOS/Source/portable/MemMang/heap_4.o
 .bss.xFreeBytesRemaining
                0x0000000020002148        0x4 Middlewares/Third_Party/FreeRTOS/Source/portable/MemMang/heap_4.o
 .bss.xMinimumEverFreeBytesRemaining
                0x000000002000214c        0x4 Middlewares/Third_Party/FreeRTOS/Source/portable/MemMang/heap_4.o
 .bss.xBlockAllocatedBit
                0x0000000020002150        0x4 Middlewares/Third_Party/FreeRTOS/Source/portable/MemMang/heap_4.o
 .bss.mem.10628
                0x0000000020002154      0x220 USB_Device/Target/usbd_conf.o
 *(COMMON)
 COMMON         0x0000000020002374        0xc Core/Src/app_freertos.o
                0x0000000020002374                AS504X_TaskHandle
                0x0000000020002378                Break_TaskHandle
                0x000000002000237c                RainBow_TaskHandle
 COMMON         0x0000000020002380      0x124 Core/Src/spi.o
                0x0000000020002380                hspi1
                0x00000000200023e4                hdma_spi1_rx
                0x0000000020002444                hdma_spi1_tx
 COMMON         0x00000000200024a4       0x4c Core/Src/stm32g4xx_hal_timebase_tim.o
                0x00000000200024a4                htim1
 COMMON         0x00000000200024f0      0x158 Core/Src/tim.o
                0x00000000200024f0                hdma_tim2_ch1
                0x0000000020002550                htim17
                0x000000002000259c                htim2
                0x00000000200025e8                hdma_tim17_ch1
 COMMON         0x0000000020002648        0x4 Core/Src/ws2812.o
                0x0000000020002648                ws2812
 COMMON         0x000000002000264c        0x4 Drivers/STM32G4xx_HAL_Driver/Src/stm32g4xx_hal.o
                0x000000002000264c                uwTick
 COMMON         0x0000000020002650      0x2c4 USB_Device/App/usb_device.o
                0x0000000020002650                hUsbDeviceFS
 COMMON         0x0000000020002914      0x7d0 USB_Device/App/usbd_cdc_if.o
                0x0000000020002914                UserRxBufferFS
                0x0000000020002cfc                UserTxBufferFS
 COMMON         0x00000000200030e4      0x200 USB_Device/App/usbd_desc.o
                0x00000000200030e4                USBD_StrDesc
 COMMON         0x00000000200032e4      0x274 USB_Device/Target/usbd_conf.o
                0x00000000200032e4                hpcd_USB_FS
                0x0000000020003558                . = ALIGN (0x4)
                0x0000000020003558                _ebss = .
                0x0000000020003558                __bss_end__ = _ebss

._user_heap_stack
                0x0000000020003558      0x600 load address 0x000000000800b184
                0x0000000020003558                . = ALIGN (0x8)
                0x0000000020003558                PROVIDE (end = .)
                [!provide]                        PROVIDE (_end = .)
                0x0000000020003758                . = (. + _Min_Heap_Size)
 *fill*         0x0000000020003558      0x200 
                0x0000000020003b58                . = (. + _Min_Stack_Size)
 *fill*         0x0000000020003758      0x400 
                0x0000000020003b58                . = ALIGN (0x8)

/DISCARD/
 libc.a(*)
 libm.a(*)
 libgcc.a(*)

.ARM.attributes
                0x0000000000000000       0x30
 *(.ARM.attributes)
 .ARM.attributes
                0x0000000000000000       0x22 c:/st/stm32cubeide_1.3.0/stm32cubeide/plugins/com.st.stm32cube.ide.mcu.externaltools.gnu-tools-for-stm32.7-2018-q2-update.win32_1.0.0.201904181610/tools/bin/../lib/gcc/arm-none-eabi/7.3.1/thumb/v7e-m/fpv4-sp/hard/crti.o
 .ARM.attributes
                0x0000000000000022       0x34 c:/st/stm32cubeide_1.3.0/stm32cubeide/plugins/com.st.stm32cube.ide.mcu.externaltools.gnu-tools-for-stm32.7-2018-q2-update.win32_1.0.0.201904181610/tools/bin/../lib/gcc/arm-none-eabi/7.3.1/thumb/v7e-m/fpv4-sp/hard/crtbegin.o
 .ARM.attributes
                0x0000000000000056       0x39 Core/Src/app_freertos.o
 .ARM.attributes
                0x000000000000008f       0x39 Core/Src/dma.o
 .ARM.attributes
                0x00000000000000c8       0x39 Core/Src/gpio.o
 .ARM.attributes
                0x0000000000000101       0x39 Core/Src/main.o
 .ARM.attributes
                0x000000000000013a       0x39 Core/Src/spi.o
 .ARM.attributes
                0x0000000000000173       0x39 Core/Src/stm32g4xx_hal_msp.o
 .ARM.attributes
                0x00000000000001ac       0x39 Core/Src/stm32g4xx_hal_timebase_tim.o
 .ARM.attributes
                0x00000000000001e5       0x39 Core/Src/stm32g4xx_it.o
 .ARM.attributes
                0x000000000000021e       0x39 Core/Src/system_stm32g4xx.o
 .ARM.attributes
                0x0000000000000257       0x39 Core/Src/tim.o
 .ARM.attributes
                0x0000000000000290       0x39 Core/Src/ws2812.o
 .ARM.attributes
                0x00000000000002c9       0x21 Core/Startup/startup_stm32g431kbtx.o
 .ARM.attributes
                0x00000000000002ea       0x39 Drivers/STM32G4xx_HAL_Driver/Src/stm32g4xx_hal.o
 .ARM.attributes
                0x0000000000000323       0x39 Drivers/STM32G4xx_HAL_Driver/Src/stm32g4xx_hal_cortex.o
 .ARM.attributes
                0x000000000000035c       0x39 Drivers/STM32G4xx_HAL_Driver/Src/stm32g4xx_hal_dma.o
 .ARM.attributes
                0x0000000000000395       0x39 Drivers/STM32G4xx_HAL_Driver/Src/stm32g4xx_hal_gpio.o
 .ARM.attributes
                0x00000000000003ce       0x39 Drivers/STM32G4xx_HAL_Driver/Src/stm32g4xx_hal_pcd.o
 .ARM.attributes
                0x0000000000000407       0x39 Drivers/STM32G4xx_HAL_Driver/Src/stm32g4xx_hal_pcd_ex.o
 .ARM.attributes
                0x0000000000000440       0x39 Drivers/STM32G4xx_HAL_Driver/Src/stm32g4xx_hal_pwr_ex.o
 .ARM.attributes
                0x0000000000000479       0x39 Drivers/STM32G4xx_HAL_Driver/Src/stm32g4xx_hal_rcc.o
 .ARM.attributes
                0x00000000000004b2       0x39 Drivers/STM32G4xx_HAL_Driver/Src/stm32g4xx_hal_rcc_ex.o
 .ARM.attributes
                0x00000000000004eb       0x39 Drivers/STM32G4xx_HAL_Driver/Src/stm32g4xx_hal_spi.o
 .ARM.attributes
                0x0000000000000524       0x39 Drivers/STM32G4xx_HAL_Driver/Src/stm32g4xx_hal_tim.o
 .ARM.attributes
                0x000000000000055d       0x39 Drivers/STM32G4xx_HAL_Driver/Src/stm32g4xx_hal_tim_ex.o
 .ARM.attributes
                0x0000000000000596       0x39 Drivers/STM32G4xx_HAL_Driver/Src/stm32g4xx_ll_usb.o
 .ARM.attributes
                0x00000000000005cf       0x39 Middlewares/ST/STM32_USB_Device_Library/Class/CDC/Src/usbd_cdc.o
 .ARM.attributes
                0x0000000000000608       0x39 Middlewares/ST/STM32_USB_Device_Library/Core/Src/usbd_core.o
 .ARM.attributes
                0x0000000000000641       0x39 Middlewares/ST/STM32_USB_Device_Library/Core/Src/usbd_ctlreq.o
 .ARM.attributes
                0x000000000000067a       0x39 Middlewares/ST/STM32_USB_Device_Library/Core/Src/usbd_ioreq.o
 .ARM.attributes
                0x00000000000006b3       0x39 Middlewares/Third_Party/FreeRTOS/Source/CMSIS_RTOS/cmsis_os.o
 .ARM.attributes
                0x00000000000006ec       0x39 Middlewares/Third_Party/FreeRTOS/Source/list.o
 .ARM.attributes
                0x0000000000000725       0x39 Middlewares/Third_Party/FreeRTOS/Source/tasks.o
 .ARM.attributes
                0x000000000000075e       0x39 Middlewares/Third_Party/FreeRTOS/Source/portable/GCC/ARM_CM4F/port.o
 .ARM.attributes
                0x0000000000000797       0x39 Middlewares/Third_Party/FreeRTOS/Source/portable/MemMang/heap_4.o
 .ARM.attributes
                0x00000000000007d0       0x39 USB_Device/App/usb_device.o
 .ARM.attributes
                0x0000000000000809       0x39 USB_Device/App/usbd_cdc_if.o
 .ARM.attributes
                0x0000000000000842       0x39 USB_Device/App/usbd_desc.o
 .ARM.attributes
                0x000000000000087b       0x39 USB_Device/Target/usbd_conf.o
 .ARM.attributes
                0x00000000000008b4       0x34 c:/st/stm32cubeide_1.3.0/stm32cubeide/plugins/com.st.stm32cube.ide.mcu.externaltools.gnu-tools-for-stm32.7-2018-q2-update.win32_1.0.0.201904181610/tools/bin/../lib/gcc/arm-none-eabi/7.3.1/../../../../arm-none-eabi/lib/thumb/v7e-m/fpv4-sp/hard\libc_nano.a(lib_a-init.o)
 .ARM.attributes
                0x00000000000008e8       0x34 c:/st/stm32cubeide_1.3.0/stm32cubeide/plugins/com.st.stm32cube.ide.mcu.externaltools.gnu-tools-for-stm32.7-2018-q2-update.win32_1.0.0.201904181610/tools/bin/../lib/gcc/arm-none-eabi/7.3.1/../../../../arm-none-eabi/lib/thumb/v7e-m/fpv4-sp/hard\libc_nano.a(lib_a-memset.o)
 .ARM.attributes
                0x000000000000091c       0x22 c:/st/stm32cubeide_1.3.0/stm32cubeide/plugins/com.st.stm32cube.ide.mcu.externaltools.gnu-tools-for-stm32.7-2018-q2-update.win32_1.0.0.201904181610/tools/bin/../lib/gcc/arm-none-eabi/7.3.1/thumb/v7e-m/fpv4-sp/hard/crtn.o
OUTPUT(G431KB_Break.elf elf32-littlearm)

.debug_info     0x0000000000000000    0x2609d
 .debug_info    0x0000000000000000      0x430 Core/Src/app_freertos.o
 .debug_info    0x0000000000000430      0x6a5 Core/Src/dma.o
 .debug_info    0x0000000000000ad5      0x630 Core/Src/gpio.o
 .debug_info    0x0000000000001105     0x1855 Core/Src/main.o
 .debug_info    0x000000000000295a      0xc2b Core/Src/spi.o
 .debug_info    0x0000000000003585      0x819 Core/Src/stm32g4xx_hal_msp.o
 .debug_info    0x0000000000003d9e      0xe3f Core/Src/stm32g4xx_hal_timebase_tim.o
 .debug_info    0x0000000000004bdd      0xea9 Core/Src/stm32g4xx_it.o
 .debug_info    0x0000000000005a86      0x6af Core/Src/system_stm32g4xx.o
 .debug_info    0x0000000000006135      0xfa6 Core/Src/tim.o
 .debug_info    0x00000000000070db     0x16a0 Core/Src/ws2812.o
 .debug_info    0x000000000000877b       0x22 Core/Startup/startup_stm32g431kbtx.o
 .debug_info    0x000000000000879d      0xbaa Drivers/STM32G4xx_HAL_Driver/Src/stm32g4xx_hal.o
 .debug_info    0x0000000000009347      0xed1 Drivers/STM32G4xx_HAL_Driver/Src/stm32g4xx_hal_cortex.o
 .debug_info    0x000000000000a218      0xa07 Drivers/STM32G4xx_HAL_Driver/Src/stm32g4xx_hal_dma.o
 .debug_info    0x000000000000ac1f      0x969 Drivers/STM32G4xx_HAL_Driver/Src/stm32g4xx_hal_gpio.o
 .debug_info    0x000000000000b588      0xf4e Drivers/STM32G4xx_HAL_Driver/Src/stm32g4xx_hal_pcd.o
 .debug_info    0x000000000000c4d6      0x968 Drivers/STM32G4xx_HAL_Driver/Src/stm32g4xx_hal_pcd_ex.o
 .debug_info    0x000000000000ce3e      0xa9c Drivers/STM32G4xx_HAL_Driver/Src/stm32g4xx_hal_pwr_ex.o
 .debug_info    0x000000000000d8da      0xca5 Drivers/STM32G4xx_HAL_Driver/Src/stm32g4xx_hal_rcc.o
 .debug_info    0x000000000000e57f      0xd92 Drivers/STM32G4xx_HAL_Driver/Src/stm32g4xx_hal_rcc_ex.o
 .debug_info    0x000000000000f311     0x17fd Drivers/STM32G4xx_HAL_Driver/Src/stm32g4xx_hal_spi.o
 .debug_info    0x0000000000010b0e     0x2b5b Drivers/STM32G4xx_HAL_Driver/Src/stm32g4xx_hal_tim.o
 .debug_info    0x0000000000013669     0x1ca9 Drivers/STM32G4xx_HAL_Driver/Src/stm32g4xx_hal_tim_ex.o
 .debug_info    0x0000000000015312     0x15ff Drivers/STM32G4xx_HAL_Driver/Src/stm32g4xx_ll_usb.o
 .debug_info    0x0000000000016911     0x18af Middlewares/ST/STM32_USB_Device_Library/Class/CDC/Src/usbd_cdc.o
 .debug_info    0x00000000000181c0     0x12c7 Middlewares/ST/STM32_USB_Device_Library/Core/Src/usbd_core.o
 .debug_info    0x0000000000019487     0x1237 Middlewares/ST/STM32_USB_Device_Library/Core/Src/usbd_ctlreq.o
 .debug_info    0x000000000001a6be     0x1028 Middlewares/ST/STM32_USB_Device_Library/Core/Src/usbd_ioreq.o
 .debug_info    0x000000000001b6e6     0x1b05 Middlewares/Third_Party/FreeRTOS/Source/CMSIS_RTOS/cmsis_os.o
 .debug_info    0x000000000001d1eb      0xacb Middlewares/Third_Party/FreeRTOS/Source/list.o
 .debug_info    0x000000000001dcb6     0x21e5 Middlewares/Third_Party/FreeRTOS/Source/tasks.o
 .debug_info    0x000000000001fe9b      0x533 Middlewares/Third_Party/FreeRTOS/Source/portable/GCC/ARM_CM4F/port.o
 .debug_info    0x00000000000203ce      0xbea Middlewares/Third_Party/FreeRTOS/Source/portable/MemMang/heap_4.o
 .debug_info    0x0000000000020fb8      0xf70 USB_Device/App/usb_device.o
 .debug_info    0x0000000000021f28     0x112b USB_Device/App/usbd_cdc_if.o
 .debug_info    0x0000000000023053      0xe0c USB_Device/App/usbd_desc.o
 .debug_info    0x0000000000023e5f     0x223e USB_Device/Target/usbd_conf.o

.debug_abbrev   0x0000000000000000     0x4fd7
 .debug_abbrev  0x0000000000000000      0x16e Core/Src/app_freertos.o
 .debug_abbrev  0x000000000000016e      0x12e Core/Src/dma.o
 .debug_abbrev  0x000000000000029c      0x134 Core/Src/gpio.o
 .debug_abbrev  0x00000000000003d0      0x2af Core/Src/main.o
 .debug_abbrev  0x000000000000067f      0x1aa Core/Src/spi.o
 .debug_abbrev  0x0000000000000829      0x146 Core/Src/stm32g4xx_hal_msp.o
 .debug_abbrev  0x000000000000096f      0x1c8 Core/Src/stm32g4xx_hal_timebase_tim.o
 .debug_abbrev  0x0000000000000b37      0x1b0 Core/Src/stm32g4xx_it.o
 .debug_abbrev  0x0000000000000ce7      0x147 Core/Src/system_stm32g4xx.o
 .debug_abbrev  0x0000000000000e2e      0x1e6 Core/Src/tim.o
 .debug_abbrev  0x0000000000001014      0x2d6 Core/Src/ws2812.o
 .debug_abbrev  0x00000000000012ea       0x12 Core/Startup/startup_stm32g431kbtx.o
 .debug_abbrev  0x00000000000012fc      0x1e1 Drivers/STM32G4xx_HAL_Driver/Src/stm32g4xx_hal.o
 .debug_abbrev  0x00000000000014dd      0x2f1 Drivers/STM32G4xx_HAL_Driver/Src/stm32g4xx_hal_cortex.o
 .debug_abbrev  0x00000000000017ce      0x1d9 Drivers/STM32G4xx_HAL_Driver/Src/stm32g4xx_hal_dma.o
 .debug_abbrev  0x00000000000019a7      0x1c0 Drivers/STM32G4xx_HAL_Driver/Src/stm32g4xx_hal_gpio.o
 .debug_abbrev  0x0000000000001b67      0x27d Drivers/STM32G4xx_HAL_Driver/Src/stm32g4xx_hal_pcd.o
 .debug_abbrev  0x0000000000001de4      0x1eb Drivers/STM32G4xx_HAL_Driver/Src/stm32g4xx_hal_pcd_ex.o
 .debug_abbrev  0x0000000000001fcf      0x219 Drivers/STM32G4xx_HAL_Driver/Src/stm32g4xx_hal_pwr_ex.o
 .debug_abbrev  0x00000000000021e8      0x22b Drivers/STM32G4xx_HAL_Driver/Src/stm32g4xx_hal_rcc.o
 .debug_abbrev  0x0000000000002413      0x204 Drivers/STM32G4xx_HAL_Driver/Src/stm32g4xx_hal_rcc_ex.o
 .debug_abbrev  0x0000000000002617      0x228 Drivers/STM32G4xx_HAL_Driver/Src/stm32g4xx_hal_spi.o
 .debug_abbrev  0x000000000000283f      0x25b Drivers/STM32G4xx_HAL_Driver/Src/stm32g4xx_hal_tim.o
 .debug_abbrev  0x0000000000002a9a      0x261 Drivers/STM32G4xx_HAL_Driver/Src/stm32g4xx_hal_tim_ex.o
 .debug_abbrev  0x0000000000002cfb      0x239 Drivers/STM32G4xx_HAL_Driver/Src/stm32g4xx_ll_usb.o
 .debug_abbrev  0x0000000000002f34      0x2b6 Middlewares/ST/STM32_USB_Device_Library/Class/CDC/Src/usbd_cdc.o
 .debug_abbrev  0x00000000000031ea      0x270 Middlewares/ST/STM32_USB_Device_Library/Core/Src/usbd_core.o
 .debug_abbrev  0x000000000000345a      0x2a0 Middlewares/ST/STM32_USB_Device_Library/Core/Src/usbd_ctlreq.o
 .debug_abbrev  0x00000000000036fa      0x1e0 Middlewares/ST/STM32_USB_Device_Library/Core/Src/usbd_ioreq.o
 .debug_abbrev  0x00000000000038da      0x379 Middlewares/Third_Party/FreeRTOS/Source/CMSIS_RTOS/cmsis_os.o
 .debug_abbrev  0x0000000000003c53      0x1cf Middlewares/Third_Party/FreeRTOS/Source/list.o
 .debug_abbrev  0x0000000000003e22      0x338 Middlewares/Third_Party/FreeRTOS/Source/tasks.o
 .debug_abbrev  0x000000000000415a      0x210 Middlewares/Third_Party/FreeRTOS/Source/portable/GCC/ARM_CM4F/port.o
 .debug_abbrev  0x000000000000436a      0x29e Middlewares/Third_Party/FreeRTOS/Source/portable/MemMang/heap_4.o
 .debug_abbrev  0x0000000000004608      0x1be USB_Device/App/usb_device.o
 .debug_abbrev  0x00000000000047c6      0x285 USB_Device/App/usbd_cdc_if.o
 .debug_abbrev  0x0000000000004a4b      0x290 USB_Device/App/usbd_desc.o
 .debug_abbrev  0x0000000000004cdb      0x2fc USB_Device/Target/usbd_conf.o

.debug_aranges  0x0000000000000000     0x1ba0
 .debug_aranges
                0x0000000000000000       0x38 Core/Src/app_freertos.o
 .debug_aranges
                0x0000000000000038       0x20 Core/Src/dma.o
 .debug_aranges
                0x0000000000000058       0x20 Core/Src/gpio.o
 .debug_aranges
                0x0000000000000078       0x60 Core/Src/main.o
 .debug_aranges
                0x00000000000000d8       0x30 Core/Src/spi.o
 .debug_aranges
                0x0000000000000108       0x28 Core/Src/stm32g4xx_hal_msp.o
 .debug_aranges
                0x0000000000000130       0x30 Core/Src/stm32g4xx_hal_timebase_tim.o
 .debug_aranges
                0x0000000000000160       0x78 Core/Src/stm32g4xx_it.o
 .debug_aranges
                0x00000000000001d8       0x28 Core/Src/system_stm32g4xx.o
 .debug_aranges
                0x0000000000000200       0x50 Core/Src/tim.o
 .debug_aranges
                0x0000000000000250       0x70 Core/Src/ws2812.o
 .debug_aranges
                0x00000000000002c0       0x28 Core/Startup/startup_stm32g431kbtx.o
 .debug_aranges
                0x00000000000002e8      0x130 Drivers/STM32G4xx_HAL_Driver/Src/stm32g4xx_hal.o
 .debug_aranges
                0x0000000000000418      0x118 Drivers/STM32G4xx_HAL_Driver/Src/stm32g4xx_hal_cortex.o
 .debug_aranges
                0x0000000000000530       0x90 Drivers/STM32G4xx_HAL_Driver/Src/stm32g4xx_hal_dma.o
 .debug_aranges
                0x00000000000005c0       0x58 Drivers/STM32G4xx_HAL_Driver/Src/stm32g4xx_hal_gpio.o
 .debug_aranges
                0x0000000000000618      0x120 Drivers/STM32G4xx_HAL_Driver/Src/stm32g4xx_hal_pcd.o
 .debug_aranges
                0x0000000000000738       0x58 Drivers/STM32G4xx_HAL_Driver/Src/stm32g4xx_hal_pcd_ex.o
 .debug_aranges
                0x0000000000000790      0x140 Drivers/STM32G4xx_HAL_Driver/Src/stm32g4xx_hal_pwr_ex.o
 .debug_aranges
                0x00000000000008d0       0x98 Drivers/STM32G4xx_HAL_Driver/Src/stm32g4xx_hal_rcc.o
 .debug_aranges
                0x0000000000000968       0xb0 Drivers/STM32G4xx_HAL_Driver/Src/stm32g4xx_hal_rcc_ex.o
 .debug_aranges
                0x0000000000000a18      0x1d8 Drivers/STM32G4xx_HAL_Driver/Src/stm32g4xx_hal_spi.o
 .debug_aranges
                0x0000000000000bf0      0x3e0 Drivers/STM32G4xx_HAL_Driver/Src/stm32g4xx_hal_tim.o
 .debug_aranges
                0x0000000000000fd0      0x240 Drivers/STM32G4xx_HAL_Driver/Src/stm32g4xx_hal_tim_ex.o
 .debug_aranges
                0x0000000000001210      0x108 Drivers/STM32G4xx_HAL_Driver/Src/stm32g4xx_ll_usb.o
 .debug_aranges
                0x0000000000001318       0x90 Middlewares/ST/STM32_USB_Device_Library/Class/CDC/Src/usbd_cdc.o
 .debug_aranges
                0x00000000000013a8       0xb8 Middlewares/ST/STM32_USB_Device_Library/Core/Src/usbd_core.o
 .debug_aranges
                0x0000000000001460       0x88 Middlewares/ST/STM32_USB_Device_Library/Core/Src/usbd_ctlreq.o
 .debug_aranges
                0x00000000000014e8       0x50 Middlewares/ST/STM32_USB_Device_Library/Core/Src/usbd_ioreq.o
 .debug_aranges
                0x0000000000001538      0x1d8 Middlewares/Third_Party/FreeRTOS/Source/CMSIS_RTOS/cmsis_os.o
 .debug_aranges
                0x0000000000001710       0x40 Middlewares/Third_Party/FreeRTOS/Source/list.o
 .debug_aranges
                0x0000000000001750      0x1a0 Middlewares/Third_Party/FreeRTOS/Source/tasks.o
 .debug_aranges
                0x00000000000018f0       0x80 Middlewares/Third_Party/FreeRTOS/Source/portable/GCC/ARM_CM4F/port.o
 .debug_aranges
                0x0000000000001970       0x50 Middlewares/Third_Party/FreeRTOS/Source/portable/MemMang/heap_4.o
 .debug_aranges
                0x00000000000019c0       0x20 USB_Device/App/usb_device.o
 .debug_aranges
                0x00000000000019e0       0x40 USB_Device/App/usbd_cdc_if.o
 .debug_aranges
                0x0000000000001a20       0x60 USB_Device/App/usbd_desc.o
 .debug_aranges
                0x0000000000001a80      0x120 USB_Device/Target/usbd_conf.o

.debug_ranges   0x0000000000000000     0x1948
 .debug_ranges  0x0000000000000000       0x28 Core/Src/app_freertos.o
 .debug_ranges  0x0000000000000028       0x10 Core/Src/dma.o
 .debug_ranges  0x0000000000000038       0x10 Core/Src/gpio.o
 .debug_ranges  0x0000000000000048       0x50 Core/Src/main.o
 .debug_ranges  0x0000000000000098       0x20 Core/Src/spi.o
 .debug_ranges  0x00000000000000b8       0x18 Core/Src/stm32g4xx_hal_msp.o
 .debug_ranges  0x00000000000000d0       0x20 Core/Src/stm32g4xx_hal_timebase_tim.o
 .debug_ranges  0x00000000000000f0       0x68 Core/Src/stm32g4xx_it.o
 .debug_ranges  0x0000000000000158       0x18 Core/Src/system_stm32g4xx.o
 .debug_ranges  0x0000000000000170       0x40 Core/Src/tim.o
 .debug_ranges  0x00000000000001b0       0x60 Core/Src/ws2812.o
 .debug_ranges  0x0000000000000210       0x20 Core/Startup/startup_stm32g431kbtx.o
 .debug_ranges  0x0000000000000230      0x120 Drivers/STM32G4xx_HAL_Driver/Src/stm32g4xx_hal.o
 .debug_ranges  0x0000000000000350      0x108 Drivers/STM32G4xx_HAL_Driver/Src/stm32g4xx_hal_cortex.o
 .debug_ranges  0x0000000000000458       0x80 Drivers/STM32G4xx_HAL_Driver/Src/stm32g4xx_hal_dma.o
 .debug_ranges  0x00000000000004d8       0x48 Drivers/STM32G4xx_HAL_Driver/Src/stm32g4xx_hal_gpio.o
 .debug_ranges  0x0000000000000520      0x110 Drivers/STM32G4xx_HAL_Driver/Src/stm32g4xx_hal_pcd.o
 .debug_ranges  0x0000000000000630       0x48 Drivers/STM32G4xx_HAL_Driver/Src/stm32g4xx_hal_pcd_ex.o
 .debug_ranges  0x0000000000000678      0x130 Drivers/STM32G4xx_HAL_Driver/Src/stm32g4xx_hal_pwr_ex.o
 .debug_ranges  0x00000000000007a8       0x88 Drivers/STM32G4xx_HAL_Driver/Src/stm32g4xx_hal_rcc.o
 .debug_ranges  0x0000000000000830       0xa0 Drivers/STM32G4xx_HAL_Driver/Src/stm32g4xx_hal_rcc_ex.o
 .debug_ranges  0x00000000000008d0      0x1c8 Drivers/STM32G4xx_HAL_Driver/Src/stm32g4xx_hal_spi.o
 .debug_ranges  0x0000000000000a98      0x3d0 Drivers/STM32G4xx_HAL_Driver/Src/stm32g4xx_hal_tim.o
 .debug_ranges  0x0000000000000e68      0x230 Drivers/STM32G4xx_HAL_Driver/Src/stm32g4xx_hal_tim_ex.o
 .debug_ranges  0x0000000000001098       0xf8 Drivers/STM32G4xx_HAL_Driver/Src/stm32g4xx_ll_usb.o
 .debug_ranges  0x0000000000001190       0x80 Middlewares/ST/STM32_USB_Device_Library/Class/CDC/Src/usbd_cdc.o
 .debug_ranges  0x0000000000001210       0xa8 Middlewares/ST/STM32_USB_Device_Library/Core/Src/usbd_core.o
 .debug_ranges  0x00000000000012b8       0x78 Middlewares/ST/STM32_USB_Device_Library/Core/Src/usbd_ctlreq.o