as504x.cpp:39:6:void as504x_init()	8	static
as504x.cpp:53:6:void as504x_close()	8	static
as504x.cpp:64:6:void as504x_open()	8	static
as504x.cpp:74:9:uint8_t as504x_spiCalcEvenParity(uint16_t)	24	static
as504x.cpp:94:10:uint16_t as504x_read(uint16_t)	24	static
as504x.cpp:135:10:uint16_t as504x_write(uint16_t, uint16_t)	24	static
as504x.cpp:186:10:uint16_t as504x_getRawRotation()	8	static
as504x.cpp:195:5:int as504x_getRotation()	16	static
as504x.cpp:211:10:uint16_t as504x_getState()	8	static
as504x.cpp:218:9:uint8_t as504x_error()	4	static
as504x.cpp:226:9:uint8_t as504x_getGain()	16	static
as504x.cpp:234:10:uint16_t as504x_getErrors()	8	static
as504x.cpp:241:6:void as504x_setZeroPosition(uint16_t)	16	static
as504x.cpp:248:10:uint16_t as504x_getZeroPosition()	4	static
cmath:290:5:constexpr typename __gnu_cxx::__promote_2<_Tp, _Up>::__type std::fmod(_Tp, _Up) [with _Tp = float; _Up = int]	24	static
as504x.cpp:255:7:float as504x_normalize(float)	24	static
as504x.cpp:273:7:float as504x_read2angle(uint16_t)	16	static
as504x.cpp:284:5:int as504x_degrees(uint16_t)	16	static
as504x.cpp:290:7:float as504x_radian(float)	24	static
as504x.cpp:295:5:int as504x_mask(uint16_t)	16	static
