as504x.cpp:38:6:void as504x_init()	8	static
as504x.cpp:52:6:void as504x_close()	8	static
as504x.cpp:63:6:void as504x_open()	8	static
as504x.cpp:73:9:uint8_t as504x_spiCalcEvenParity(uint16_t)	24	static
as504x.cpp:93:10:uint16_t as504x_read(uint16_t)	24	static
as504x.cpp:134:10:uint16_t as504x_write(uint16_t, uint16_t)	24	static
as504x.cpp:185:10:uint16_t as504x_getRawRotation()	8	static
as504x.cpp:194:5:int as504x_getRotation()	16	static
as504x.cpp:210:10:uint16_t as504x_getState()	8	static
as504x.cpp:217:9:uint8_t as504x_error()	4	static
as504x.cpp:225:9:uint8_t as504x_getGain()	16	static
as504x.cpp:233:10:uint16_t as504x_getErrors()	8	static
as504x.cpp:240:6:void as504x_setZeroPosition(uint16_t)	16	static
as504x.cpp:247:10:uint16_t as504x_getZeroPosition()	4	static
cmath:290:5:constexpr typename __gnu_cxx::__promote_2<_Tp, _Up>::__type std::fmod(_Tp, _Up) [with _Tp = float; _Up = int]	24	static
as504x.cpp:254:7:float as504x_normalize(float)	24	static
as504x.cpp:272:7:float as504x_read2angle(uint16_t)	16	static
